C:/Program Files (x86)/MiKTeX 2.9/bibtex/bst/achemso/achemso.bst
C:/Program Files (x86)/MiKTeX 2.9/bibtex/bst/achemso/biochem.bst
C:/Program Files (x86)/MiKTeX 2.9/bibtex/bst/achicago/achicago.bst
C:/Program Files (x86)/MiKTeX 2.9/bibtex/bst/aguplus/agu.bst
C:/Program Files (x86)/MiKTeX 2.9/bibtex/bst/aguplus/agu04.bst
C:/Program Files (x86)/MiKTeX 2.9/bibtex/bst/aguplus/agufull.bst
C:/Program Files (x86)/MiKTeX 2.9/bibtex/bst/aguplus/agufull04.bst
C:/Program Files (x86)/MiKTeX 2.9/bibtex/bst/amscls/amsalpha.bst
C:/Program Files (x86)/MiKTeX 2.9/bibtex/bst/amscls/amsplain.bst
C:/Program Files (x86)/MiKTeX 2.9/bibtex/bst/apacite/apacann.bst
C:/Program Files (x86)/MiKTeX 2.9/bibtex/bst/apacite/apacannx.bst
C:/Program Files (x86)/MiKTeX 2.9/bibtex/bst/apacite/apacite.bst
C:/Program Files (x86)/MiKTeX 2.9/bibtex/bst/apacite/apacitex.bst
C:/Program Files (x86)/MiKTeX 2.9/bibtex/bst/apalike/apalike.bst
C:/Program Files (x86)/MiKTeX 2.9/bibtex/bst/apalike/apalike2.bst
C:/Program Files (x86)/MiKTeX 2.9/bibtex/bst/authordate/authordate1.bst
C:/Program Files (x86)/MiKTeX 2.9/bibtex/bst/authordate/authordate2.bst
C:/Program Files (x86)/MiKTeX 2.9/bibtex/bst/authordate/authordate3.bst
C:/Program Files (x86)/MiKTeX 2.9/bibtex/bst/authordate/authordate4.bst
C:/Program Files (x86)/MiKTeX 2.9/bibtex/bst/base/abbrv.bst
C:/Program Files (x86)/MiKTeX 2.9/bibtex/bst/base/acm.bst
C:/Program Files (x86)/MiKTeX 2.9/bibtex/bst/base/alpha.bst
C:/Program Files (x86)/MiKTeX 2.9/bibtex/bst/base/ieeetr.bst
C:/Program Files (x86)/MiKTeX 2.9/bibtex/bst/base/plain.bst
C:/Program Files (x86)/MiKTeX 2.9/bibtex/bst/base/siam.bst
C:/Program Files (x86)/MiKTeX 2.9/bibtex/bst/base/unsrt.bst
C:/Program Files (x86)/MiKTeX 2.9/bibtex/bst/chicago/chicago.bst
C:/Program Files (x86)/MiKTeX 2.9/bibtex/bst/dtk/dtk.bst
C:/Program Files (x86)/MiKTeX 2.9/bibtex/bst/elsarticle/elsarticle-harv.bst
C:/Program Files (x86)/MiKTeX 2.9/bibtex/bst/elsarticle/elsarticle-num-names.bst
C:/Program Files (x86)/MiKTeX 2.9/bibtex/bst/elsarticle/elsarticle-num.bst
C:/Program Files (x86)/MiKTeX 2.9/bibtex/bst/harvard/agsm.bst
C:/Program Files (x86)/MiKTeX 2.9/bibtex/bst/harvard/apsr.bst
C:/Program Files (x86)/MiKTeX 2.9/bibtex/bst/harvard/dcu.bst
C:/Program Files (x86)/MiKTeX 2.9/bibtex/bst/harvard/jmr.bst
C:/Program Files (x86)/MiKTeX 2.9/bibtex/bst/harvard/jphysicsB.bst
C:/Program Files (x86)/MiKTeX 2.9/bibtex/bst/harvard/kluwer.bst
C:/Program Files (x86)/MiKTeX 2.9/bibtex/bst/harvard/nederlands.bst
C:/Program Files (x86)/MiKTeX 2.9/bibtex/bst/ieeetran/IEEEtran.bst
C:/Program Files (x86)/MiKTeX 2.9/bibtex/bst/ieeetran/IEEEtranN.bst
C:/Program Files (x86)/MiKTeX 2.9/bibtex/bst/ieeetran/IEEEtranS.bst
C:/Program Files (x86)/MiKTeX 2.9/bibtex/bst/ieeetran/IEEEtranSA.bst
C:/Program Files (x86)/MiKTeX 2.9/bibtex/bst/ieeetran/IEEEtranSN.bst
C:/Program Files (x86)/MiKTeX 2.9/bibtex/bst/jurabib/jmhra.bst
C:/Program Files (x86)/MiKTeX 2.9/bibtex/bst/jurabib/jox.bst
C:/Program Files (x86)/MiKTeX 2.9/bibtex/bst/jurabib/jurabib.bst
C:/Program Files (x86)/MiKTeX 2.9/bibtex/bst/jurabib/jureco.bst
C:/Program Files (x86)/MiKTeX 2.9/bibtex/bst/jurabib/jurunsrt.bst
C:/Program Files (x86)/MiKTeX 2.9/bibtex/bst/kluwer/klunamed.bst
C:/Program Files (x86)/MiKTeX 2.9/bibtex/bst/kluwer/klunum.bst
C:/Program Files (x86)/MiKTeX 2.9/bibtex/bst/mciteplus/apsrevM.bst
C:/Program Files (x86)/MiKTeX 2.9/bibtex/bst/mciteplus/apsrmpM.bst
C:/Program Files (x86)/MiKTeX 2.9/bibtex/bst/mciteplus/IEEEtranM.bst
C:/Program Files (x86)/MiKTeX 2.9/bibtex/bst/mciteplus/IEEEtranMN.bst
C:/Program Files (x86)/MiKTeX 2.9/bibtex/bst/mslapa/mslapa.bst
C:/Program Files (x86)/MiKTeX 2.9/bibtex/bst/natbib/abbrvnat.bst
C:/Program Files (x86)/MiKTeX 2.9/bibtex/bst/natbib/plainnat.bst
C:/Program Files (x86)/MiKTeX 2.9/bibtex/bst/natbib/unsrtnat.bst
C:/Program Files (x86)/MiKTeX 2.9/bibtex/bst/revtex/aipauth4-1.bst
C:/Program Files (x86)/MiKTeX 2.9/bibtex/bst/revtex/aipnum4-1.bst
C:/Program Files (x86)/MiKTeX 2.9/bibtex/bst/revtex/apsrev4-1.bst
C:/Program Files (x86)/MiKTeX 2.9/bibtex/bst/revtex/apsrmp4-1.bst
C:/Program Files (x86)/MiKTeX 2.9/bibtex/bst/revtex4/apsrev.bst
C:/Program Files (x86)/MiKTeX 2.9/bibtex/bst/revtex4/apsrmp.bst
C:/Program Files (x86)/MiKTeX 2.9/bibtex/bst/spie/spiebib.bst
C:/Program Files (x86)/MiKTeX 2.9/bibtex/bst/tugboat/ltugbib.bst
