C:/Program Files (x86)/MiKTeX 2.9/tex/generic/xypic/movie.cls
C:/Program Files (x86)/MiKTeX 2.9/tex/generic/xypic/movie.cls
C:/Program Files (x86)/MiKTeX 2.9/tex/latex/a0poster/a0poster.cls
C:/Program Files (x86)/MiKTeX 2.9/tex/latex/aastex/aastex.cls
C:/Program Files (x86)/MiKTeX 2.9/tex/latex/achemso/achemso.cls
C:/Program Files (x86)/MiKTeX 2.9/tex/latex/aguplus/aguplus.cls
C:/Program Files (x86)/MiKTeX 2.9/tex/latex/amscls/amsart.cls
C:/Program Files (x86)/MiKTeX 2.9/tex/latex/amscls/amsbook.cls
C:/Program Files (x86)/MiKTeX 2.9/tex/latex/amscls/amsdtx.cls
C:/Program Files (x86)/MiKTeX 2.9/tex/latex/amscls/amsldoc.cls
C:/Program Files (x86)/MiKTeX 2.9/tex/latex/amscls/amsproc.cls
C:/Program Files (x86)/MiKTeX 2.9/tex/latex/apa/apa.cls
C:/Program Files (x86)/MiKTeX 2.9/tex/latex/apa6/apa6.cls
C:/Program Files (x86)/MiKTeX 2.9/tex/latex/arabtex/arabart.cls
C:/Program Files (x86)/MiKTeX 2.9/tex/latex/arabtex/arabbook.cls
C:/Program Files (x86)/MiKTeX 2.9/tex/latex/arabtex/arabrep.cls
C:/Program Files (x86)/MiKTeX 2.9/tex/latex/arabtex/arabrep1.cls
C:/Program Files (x86)/MiKTeX 2.9/tex/latex/base/article.cls
C:/Program Files (x86)/MiKTeX 2.9/tex/latex/base/book.cls
C:/Program Files (x86)/MiKTeX 2.9/tex/latex/base/letter.cls
C:/Program Files (x86)/MiKTeX 2.9/tex/latex/base/ltnews.cls
C:/Program Files (x86)/MiKTeX 2.9/tex/latex/base/ltxdoc.cls
C:/Program Files (x86)/MiKTeX 2.9/tex/latex/base/ltxguide.cls
C:/Program Files (x86)/MiKTeX 2.9/tex/latex/base/minimal.cls
C:/Program Files (x86)/MiKTeX 2.9/tex/latex/base/proc.cls
C:/Program Files (x86)/MiKTeX 2.9/tex/latex/base/report.cls
C:/Program Files (x86)/MiKTeX 2.9/tex/latex/base/slides.cls
C:/Program Files (x86)/MiKTeX 2.9/tex/latex/beamer/base/beamer.cls
C:/Program Files (x86)/MiKTeX 2.9/tex/latex/ctex/ctexart.cls
C:/Program Files (x86)/MiKTeX 2.9/tex/latex/ctex/ctexbook.cls
C:/Program Files (x86)/MiKTeX 2.9/tex/latex/ctex/ctexrep.cls
C:/Program Files (x86)/MiKTeX 2.9/tex/latex/dinbrief/dinbrief.cls
C:/Program Files (x86)/MiKTeX 2.9/tex/latex/dtk/dtk.cls
C:/Program Files (x86)/MiKTeX 2.9/tex/latex/elsarticle/elsarticle.cls
C:/Program Files (x86)/MiKTeX 2.9/tex/latex/elsevier/elsart.cls
C:/Program Files (x86)/MiKTeX 2.9/tex/latex/elsevier/elsart1p.cls
C:/Program Files (x86)/MiKTeX 2.9/tex/latex/elsevier/elsart3p.cls
C:/Program Files (x86)/MiKTeX 2.9/tex/latex/elsevier/elsart5p.cls
C:/Program Files (x86)/MiKTeX 2.9/tex/latex/europecv/europecv.cls
C:/Program Files (x86)/MiKTeX 2.9/tex/latex/extsizes/extarticle.cls
C:/Program Files (x86)/MiKTeX 2.9/tex/latex/extsizes/extbook.cls
C:/Program Files (x86)/MiKTeX 2.9/tex/latex/extsizes/extletter.cls
C:/Program Files (x86)/MiKTeX 2.9/tex/latex/extsizes/extproc.cls
C:/Program Files (x86)/MiKTeX 2.9/tex/latex/extsizes/extreport.cls
C:/Program Files (x86)/MiKTeX 2.9/tex/latex/frletter/frletter.cls
C:/Program Files (x86)/MiKTeX 2.9/tex/latex/g-brief/g-brief.cls
C:/Program Files (x86)/MiKTeX 2.9/tex/latex/g-brief/g-brief2.cls
C:/Program Files (x86)/MiKTeX 2.9/tex/latex/ieeetran/IEEEtran.cls
C:/Program Files (x86)/MiKTeX 2.9/tex/latex/jsclasses/jsarticle.cls
C:/Program Files (x86)/MiKTeX 2.9/tex/latex/jsclasses/jsbook.cls
C:/Program Files (x86)/MiKTeX 2.9/tex/latex/jsclasses/jspf.cls
C:/Program Files (x86)/MiKTeX 2.9/tex/latex/jsclasses/kiyou.cls
C:/Program Files (x86)/MiKTeX 2.9/tex/latex/kluwer/kluwer.cls
C:/Program Files (x86)/MiKTeX 2.9/tex/latex/koma-script/scrartcl.cls
C:/Program Files (x86)/MiKTeX 2.9/tex/latex/koma-script/scrbook.cls
C:/Program Files (x86)/MiKTeX 2.9/tex/latex/koma-script/scrdoc.cls
C:/Program Files (x86)/MiKTeX 2.9/tex/latex/koma-script/scrlttr2.cls
C:/Program Files (x86)/MiKTeX 2.9/tex/latex/koma-script/scrreprt.cls
C:/Program Files (x86)/MiKTeX 2.9/tex/latex/l3kernel/l3doc.cls
C:/Program Files (x86)/MiKTeX 2.9/tex/latex/lettre/lettre.cls
C:/Program Files (x86)/MiKTeX 2.9/tex/latex/ltxmisc/abstbook.cls
C:/Program Files (x86)/MiKTeX 2.9/tex/latex/ltxmisc/iagproc.cls
C:/Program Files (x86)/MiKTeX 2.9/tex/latex/ltxmisc/ieeetrans.cls
C:/Program Files (x86)/MiKTeX 2.9/tex/latex/lyx/broadway.cls
C:/Program Files (x86)/MiKTeX 2.9/tex/latex/lyx/hollywood.cls
C:/Program Files (x86)/MiKTeX 2.9/tex/latex/lyx/revtex.cls
C:/Program Files (x86)/MiKTeX 2.9/tex/latex/memoir/memoir.cls
C:/Program Files (x86)/MiKTeX 2.9/tex/latex/moderncv/moderncv.cls
C:/Program Files (x86)/MiKTeX 2.9/tex/latex/mwcls/mwart.cls
C:/Program Files (x86)/MiKTeX 2.9/tex/latex/mwcls/mwbk.cls
C:/Program Files (x86)/MiKTeX 2.9/tex/latex/mwcls/mwrep.cls
C:/Program Files (x86)/MiKTeX 2.9/tex/latex/paper/journal.cls
C:/Program Files (x86)/MiKTeX 2.9/tex/latex/paper/paper.cls
C:/Program Files (x86)/MiKTeX 2.9/tex/latex/powerdot/powerdot.cls
C:/Program Files (x86)/MiKTeX 2.9/tex/latex/revtex/revtex4-1.cls
C:/Program Files (x86)/MiKTeX 2.9/tex/latex/revtex4/revtex4.cls
C:/Program Files (x86)/MiKTeX 2.9/tex/latex/sciposter/sciposter.cls
C:/Program Files (x86)/MiKTeX 2.9/tex/latex/seminar/seminar.cls
C:/Program Files (x86)/MiKTeX 2.9/tex/latex/simplecv/simplecv.cls
C:/Program Files (x86)/MiKTeX 2.9/tex/latex/spie/spie.cls
C:/Program Files (x86)/MiKTeX 2.9/tex/latex/tufte-latex/tufte-book.cls
C:/Program Files (x86)/MiKTeX 2.9/tex/latex/tufte-latex/tufte-handout.cls
C:/Program Files (x86)/MiKTeX 2.9/tex/latex/tugboat/ltugboat.cls
C:/Program Files (x86)/MiKTeX 2.9/tex/latex/tugboat/ltugproc.cls
C:/Program Files (x86)/MiKTeX 2.9/tex/latex/xkeyval/xkveca.cls
C:/Program Files (x86)/MiKTeX 2.9/tex/latex/xkeyval/xkvecb.cls
C:/Program Files (x86)/MiKTeX 2.9/tex/xelatex/bidi/bidimoderncv.cls
C:/Program Files (x86)/MiKTeX 2.9/tex/xelatex/bidi/biditufte-book.cls
C:/Program Files (x86)/MiKTeX 2.9/tex/xelatex/bidi/biditufte-handout.cls
