C:/Program Files (x86)/MiKTeX 2.9/tex/generic/babel/afrikaans.sty
C:/Program Files (x86)/MiKTeX 2.9/tex/generic/babel/albanian.sty
C:/Program Files (x86)/MiKTeX 2.9/tex/generic/babel/american.sty
C:/Program Files (x86)/MiKTeX 2.9/tex/generic/babel/austrian.sty
C:/Program Files (x86)/MiKTeX 2.9/tex/generic/babel/babel.sty
C:/Program Files (x86)/MiKTeX 2.9/tex/generic/babel/bahasa.sty
C:/Program Files (x86)/MiKTeX 2.9/tex/generic/babel/bahasam.sty
C:/Program Files (x86)/MiKTeX 2.9/tex/generic/babel/basque.sty
C:/Program Files (x86)/MiKTeX 2.9/tex/generic/babel/belarusian.sty
C:/Program Files (x86)/MiKTeX 2.9/tex/generic/babel/breton.sty
C:/Program Files (x86)/MiKTeX 2.9/tex/generic/babel/british.sty
C:/Program Files (x86)/MiKTeX 2.9/tex/generic/babel/bulgarian.sty
C:/Program Files (x86)/MiKTeX 2.9/tex/generic/babel/catalan.sty
C:/Program Files (x86)/MiKTeX 2.9/tex/generic/babel/croatian.sty
C:/Program Files (x86)/MiKTeX 2.9/tex/generic/babel/czech.sty
C:/Program Files (x86)/MiKTeX 2.9/tex/generic/babel/danish.sty
C:/Program Files (x86)/MiKTeX 2.9/tex/generic/babel/dutch.sty
C:/Program Files (x86)/MiKTeX 2.9/tex/generic/babel/english.sty
C:/Program Files (x86)/MiKTeX 2.9/tex/generic/babel/esperanto.sty
C:/Program Files (x86)/MiKTeX 2.9/tex/generic/babel/estonian.sty
C:/Program Files (x86)/MiKTeX 2.9/tex/generic/babel/finnish.sty
C:/Program Files (x86)/MiKTeX 2.9/tex/generic/babel/francais.sty
C:/Program Files (x86)/MiKTeX 2.9/tex/generic/babel/galician.sty
C:/Program Files (x86)/MiKTeX 2.9/tex/generic/babel/germanb.sty
C:/Program Files (x86)/MiKTeX 2.9/tex/generic/babel/greek.sty
C:/Program Files (x86)/MiKTeX 2.9/tex/generic/babel/hebrew.sty
C:/Program Files (x86)/MiKTeX 2.9/tex/generic/babel/icelandic.sty
C:/Program Files (x86)/MiKTeX 2.9/tex/generic/babel/interlingua.sty
C:/Program Files (x86)/MiKTeX 2.9/tex/generic/babel/irish.sty
C:/Program Files (x86)/MiKTeX 2.9/tex/generic/babel/italian.sty
C:/Program Files (x86)/MiKTeX 2.9/tex/generic/babel/latin.sty
C:/Program Files (x86)/MiKTeX 2.9/tex/generic/babel/lithuanian.sty
C:/Program Files (x86)/MiKTeX 2.9/tex/generic/babel/lsorbian.sty
C:/Program Files (x86)/MiKTeX 2.9/tex/generic/babel/magyar.sty
C:/Program Files (x86)/MiKTeX 2.9/tex/generic/babel/naustrian.sty
C:/Program Files (x86)/MiKTeX 2.9/tex/generic/babel/ngermanb.sty
C:/Program Files (x86)/MiKTeX 2.9/tex/generic/babel/norsk.sty
C:/Program Files (x86)/MiKTeX 2.9/tex/generic/babel/polish.sty
C:/Program Files (x86)/MiKTeX 2.9/tex/generic/babel/portuges.sty
C:/Program Files (x86)/MiKTeX 2.9/tex/generic/babel/romanian.sty
C:/Program Files (x86)/MiKTeX 2.9/tex/generic/babel/russianb.sty
C:/Program Files (x86)/MiKTeX 2.9/tex/generic/babel/samin.sty
C:/Program Files (x86)/MiKTeX 2.9/tex/generic/babel/scottish.sty
C:/Program Files (x86)/MiKTeX 2.9/tex/generic/babel/serbian.sty
C:/Program Files (x86)/MiKTeX 2.9/tex/generic/babel/slovak.sty
C:/Program Files (x86)/MiKTeX 2.9/tex/generic/babel/slovene.sty
C:/Program Files (x86)/MiKTeX 2.9/tex/generic/babel/spanish.sty
C:/Program Files (x86)/MiKTeX 2.9/tex/generic/babel/swedish.sty
C:/Program Files (x86)/MiKTeX 2.9/tex/generic/babel/turkish.sty
C:/Program Files (x86)/MiKTeX 2.9/tex/generic/babel/UKenglish.sty
C:/Program Files (x86)/MiKTeX 2.9/tex/generic/babel/ukraineb.sty
C:/Program Files (x86)/MiKTeX 2.9/tex/generic/babel/USenglish.sty
C:/Program Files (x86)/MiKTeX 2.9/tex/generic/babel/usorbian.sty
C:/Program Files (x86)/MiKTeX 2.9/tex/generic/babel/welsh.sty
C:/Program Files (x86)/MiKTeX 2.9/tex/generic/dvips/blackdvi.sty
C:/Program Files (x86)/MiKTeX 2.9/tex/generic/dvips/colordvi.sty
C:/Program Files (x86)/MiKTeX 2.9/tex/generic/dvips/rotate.sty
C:/Program Files (x86)/MiKTeX 2.9/tex/generic/genmisc/balancedquotes.sty
C:/Program Files (x86)/MiKTeX 2.9/tex/generic/genmisc/cropmark.sty
C:/Program Files (x86)/MiKTeX 2.9/tex/generic/genmisc/daytime.sty
C:/Program Files (x86)/MiKTeX 2.9/tex/generic/genmisc/kbordermatrix.sty
C:/Program Files (x86)/MiKTeX 2.9/tex/generic/genmisc/mathdots.sty
C:/Program Files (x86)/MiKTeX 2.9/tex/generic/genmisc/nth.sty
C:/Program Files (x86)/MiKTeX 2.9/tex/generic/genmisc/rotate-textures.sty
C:/Program Files (x86)/MiKTeX 2.9/tex/generic/genmisc/time.sty
C:/Program Files (x86)/MiKTeX 2.9/tex/generic/genmisc/weekday.sty
C:/Program Files (x86)/MiKTeX 2.9/tex/generic/ifxetex/ifxetex.sty
C:/Program Files (x86)/MiKTeX 2.9/tex/generic/lambda-lists/lambda.sty
C:/Program Files (x86)/MiKTeX 2.9/tex/generic/misc/texnames.sty
C:/Program Files (x86)/MiKTeX 2.9/tex/generic/oberdiek/alphalph.sty
C:/Program Files (x86)/MiKTeX 2.9/tex/generic/oberdiek/atbegshi.sty
C:/Program Files (x86)/MiKTeX 2.9/tex/generic/oberdiek/bigintcalc.sty
C:/Program Files (x86)/MiKTeX 2.9/tex/generic/oberdiek/bitset.sty
C:/Program Files (x86)/MiKTeX 2.9/tex/generic/oberdiek/catchfile.sty
C:/Program Files (x86)/MiKTeX 2.9/tex/generic/oberdiek/embedfile.sty
C:/Program Files (x86)/MiKTeX 2.9/tex/generic/oberdiek/engord.sty
C:/Program Files (x86)/MiKTeX 2.9/tex/generic/oberdiek/eolgrab.sty
C:/Program Files (x86)/MiKTeX 2.9/tex/generic/oberdiek/etexcmds.sty
C:/Program Files (x86)/MiKTeX 2.9/tex/generic/oberdiek/fibnum.sty
C:/Program Files (x86)/MiKTeX 2.9/tex/generic/oberdiek/gettitlestring.sty
C:/Program Files (x86)/MiKTeX 2.9/tex/generic/oberdiek/hobsub-generic.sty
C:/Program Files (x86)/MiKTeX 2.9/tex/generic/oberdiek/hobsub-hyperref.sty
C:/Program Files (x86)/MiKTeX 2.9/tex/generic/oberdiek/hobsub.sty
C:/Program Files (x86)/MiKTeX 2.9/tex/generic/oberdiek/hologo.sty
C:/Program Files (x86)/MiKTeX 2.9/tex/generic/oberdiek/hyphsubst.sty
C:/Program Files (x86)/MiKTeX 2.9/tex/generic/oberdiek/iflang.sty
C:/Program Files (x86)/MiKTeX 2.9/tex/generic/oberdiek/ifluatex.sty
C:/Program Files (x86)/MiKTeX 2.9/tex/generic/oberdiek/ifpdf.sty
C:/Program Files (x86)/MiKTeX 2.9/tex/generic/oberdiek/ifvtex.sty
C:/Program Files (x86)/MiKTeX 2.9/tex/generic/oberdiek/infwarerr.sty
C:/Program Files (x86)/MiKTeX 2.9/tex/generic/oberdiek/intcalc.sty
C:/Program Files (x86)/MiKTeX 2.9/tex/generic/oberdiek/kvdefinekeys.sty
C:/Program Files (x86)/MiKTeX 2.9/tex/generic/oberdiek/kvsetkeys.sty
C:/Program Files (x86)/MiKTeX 2.9/tex/generic/oberdiek/ltxcmds.sty
C:/Program Files (x86)/MiKTeX 2.9/tex/generic/oberdiek/luatex-loader.sty
C:/Program Files (x86)/MiKTeX 2.9/tex/generic/oberdiek/luatex.sty
C:/Program Files (x86)/MiKTeX 2.9/tex/generic/oberdiek/magicnum.sty
C:/Program Files (x86)/MiKTeX 2.9/tex/generic/oberdiek/mleftright.sty
C:/Program Files (x86)/MiKTeX 2.9/tex/generic/oberdiek/pdfcol.sty
C:/Program Files (x86)/MiKTeX 2.9/tex/generic/oberdiek/pdfcrypt.sty
C:/Program Files (x86)/MiKTeX 2.9/tex/generic/oberdiek/pdfescape.sty
C:/Program Files (x86)/MiKTeX 2.9/tex/generic/oberdiek/pdfrender.sty
C:/Program Files (x86)/MiKTeX 2.9/tex/generic/oberdiek/pdftexcmds.sty
C:/Program Files (x86)/MiKTeX 2.9/tex/generic/oberdiek/protecteddef.sty
C:/Program Files (x86)/MiKTeX 2.9/tex/generic/oberdiek/rotchiffre.sty
C:/Program Files (x86)/MiKTeX 2.9/tex/generic/oberdiek/setouterhbox.sty
C:/Program Files (x86)/MiKTeX 2.9/tex/generic/oberdiek/soulutf8.sty
C:/Program Files (x86)/MiKTeX 2.9/tex/generic/oberdiek/stringenc.sty
C:/Program Files (x86)/MiKTeX 2.9/tex/generic/oberdiek/telprint.sty
C:/Program Files (x86)/MiKTeX 2.9/tex/generic/oberdiek/thepdfnumber.sty
C:/Program Files (x86)/MiKTeX 2.9/tex/generic/oberdiek/uniquecounter.sty
C:/Program Files (x86)/MiKTeX 2.9/tex/generic/serbianc/serbianc.sty
C:/Program Files (x86)/MiKTeX 2.9/tex/generic/thailatex/thswitch.sty
C:/Program Files (x86)/MiKTeX 2.9/tex/generic/thumbpdf/thumbpdf.sty
C:/Program Files (x86)/MiKTeX 2.9/tex/generic/xypic/xy.sty
C:/Program Files (x86)/MiKTeX 2.9/tex/generic/xypic/xypic.sty
C:/Program Files (x86)/MiKTeX 2.9/tex/generic/babel/afrikaans.sty
C:/Program Files (x86)/MiKTeX 2.9/tex/generic/babel/albanian.sty
C:/Program Files (x86)/MiKTeX 2.9/tex/generic/babel/american.sty
C:/Program Files (x86)/MiKTeX 2.9/tex/generic/babel/austrian.sty
C:/Program Files (x86)/MiKTeX 2.9/tex/generic/babel/babel.sty
C:/Program Files (x86)/MiKTeX 2.9/tex/generic/babel/bahasa.sty
C:/Program Files (x86)/MiKTeX 2.9/tex/generic/babel/bahasam.sty
C:/Program Files (x86)/MiKTeX 2.9/tex/generic/babel/basque.sty
C:/Program Files (x86)/MiKTeX 2.9/tex/generic/babel/belarusian.sty
C:/Program Files (x86)/MiKTeX 2.9/tex/generic/babel/breton.sty
C:/Program Files (x86)/MiKTeX 2.9/tex/generic/babel/british.sty
C:/Program Files (x86)/MiKTeX 2.9/tex/generic/babel/bulgarian.sty
C:/Program Files (x86)/MiKTeX 2.9/tex/generic/babel/catalan.sty
C:/Program Files (x86)/MiKTeX 2.9/tex/generic/babel/croatian.sty
C:/Program Files (x86)/MiKTeX 2.9/tex/generic/babel/czech.sty
C:/Program Files (x86)/MiKTeX 2.9/tex/generic/babel/danish.sty
C:/Program Files (x86)/MiKTeX 2.9/tex/generic/babel/dutch.sty
C:/Program Files (x86)/MiKTeX 2.9/tex/generic/babel/english.sty
C:/Program Files (x86)/MiKTeX 2.9/tex/generic/babel/esperanto.sty
C:/Program Files (x86)/MiKTeX 2.9/tex/generic/babel/estonian.sty
C:/Program Files (x86)/MiKTeX 2.9/tex/generic/babel/finnish.sty
C:/Program Files (x86)/MiKTeX 2.9/tex/generic/babel/francais.sty
C:/Program Files (x86)/MiKTeX 2.9/tex/generic/babel/galician.sty
C:/Program Files (x86)/MiKTeX 2.9/tex/generic/babel/germanb.sty
C:/Program Files (x86)/MiKTeX 2.9/tex/generic/babel/greek.sty
C:/Program Files (x86)/MiKTeX 2.9/tex/generic/babel/hebrew.sty
C:/Program Files (x86)/MiKTeX 2.9/tex/generic/babel/icelandic.sty
C:/Program Files (x86)/MiKTeX 2.9/tex/generic/babel/interlingua.sty
C:/Program Files (x86)/MiKTeX 2.9/tex/generic/babel/irish.sty
C:/Program Files (x86)/MiKTeX 2.9/tex/generic/babel/italian.sty
C:/Program Files (x86)/MiKTeX 2.9/tex/generic/babel/latin.sty
C:/Program Files (x86)/MiKTeX 2.9/tex/generic/babel/lithuanian.sty
C:/Program Files (x86)/MiKTeX 2.9/tex/generic/babel/lsorbian.sty
C:/Program Files (x86)/MiKTeX 2.9/tex/generic/babel/magyar.sty
C:/Program Files (x86)/MiKTeX 2.9/tex/generic/babel/naustrian.sty
C:/Program Files (x86)/MiKTeX 2.9/tex/generic/babel/ngermanb.sty
C:/Program Files (x86)/MiKTeX 2.9/tex/generic/babel/norsk.sty
C:/Program Files (x86)/MiKTeX 2.9/tex/generic/babel/polish.sty
C:/Program Files (x86)/MiKTeX 2.9/tex/generic/babel/portuges.sty
C:/Program Files (x86)/MiKTeX 2.9/tex/generic/babel/romanian.sty
C:/Program Files (x86)/MiKTeX 2.9/tex/generic/babel/russianb.sty
C:/Program Files (x86)/MiKTeX 2.9/tex/generic/babel/samin.sty
C:/Program Files (x86)/MiKTeX 2.9/tex/generic/babel/scottish.sty
C:/Program Files (x86)/MiKTeX 2.9/tex/generic/babel/serbian.sty
C:/Program Files (x86)/MiKTeX 2.9/tex/generic/babel/slovak.sty
C:/Program Files (x86)/MiKTeX 2.9/tex/generic/babel/slovene.sty
C:/Program Files (x86)/MiKTeX 2.9/tex/generic/babel/spanish.sty
C:/Program Files (x86)/MiKTeX 2.9/tex/generic/babel/swedish.sty
C:/Program Files (x86)/MiKTeX 2.9/tex/generic/babel/turkish.sty
C:/Program Files (x86)/MiKTeX 2.9/tex/generic/babel/UKenglish.sty
C:/Program Files (x86)/MiKTeX 2.9/tex/generic/babel/ukraineb.sty
C:/Program Files (x86)/MiKTeX 2.9/tex/generic/babel/USenglish.sty
C:/Program Files (x86)/MiKTeX 2.9/tex/generic/babel/usorbian.sty
C:/Program Files (x86)/MiKTeX 2.9/tex/generic/babel/welsh.sty
C:/Program Files (x86)/MiKTeX 2.9/tex/generic/dvips/blackdvi.sty
C:/Program Files (x86)/MiKTeX 2.9/tex/generic/dvips/colordvi.sty
C:/Program Files (x86)/MiKTeX 2.9/tex/generic/dvips/rotate.sty
C:/Program Files (x86)/MiKTeX 2.9/tex/generic/genmisc/balancedquotes.sty
C:/Program Files (x86)/MiKTeX 2.9/tex/generic/genmisc/cropmark.sty
C:/Program Files (x86)/MiKTeX 2.9/tex/generic/genmisc/daytime.sty
C:/Program Files (x86)/MiKTeX 2.9/tex/generic/genmisc/kbordermatrix.sty
C:/Program Files (x86)/MiKTeX 2.9/tex/generic/genmisc/mathdots.sty
C:/Program Files (x86)/MiKTeX 2.9/tex/generic/genmisc/nth.sty
C:/Program Files (x86)/MiKTeX 2.9/tex/generic/genmisc/rotate-textures.sty
C:/Program Files (x86)/MiKTeX 2.9/tex/generic/genmisc/time.sty
C:/Program Files (x86)/MiKTeX 2.9/tex/generic/genmisc/weekday.sty
C:/Program Files (x86)/MiKTeX 2.9/tex/generic/ifxetex/ifxetex.sty
C:/Program Files (x86)/MiKTeX 2.9/tex/generic/lambda-lists/lambda.sty
C:/Program Files (x86)/MiKTeX 2.9/tex/generic/misc/texnames.sty
C:/Program Files (x86)/MiKTeX 2.9/tex/generic/oberdiek/alphalph.sty
C:/Program Files (x86)/MiKTeX 2.9/tex/generic/oberdiek/atbegshi.sty
C:/Program Files (x86)/MiKTeX 2.9/tex/generic/oberdiek/bigintcalc.sty
C:/Program Files (x86)/MiKTeX 2.9/tex/generic/oberdiek/bitset.sty
C:/Program Files (x86)/MiKTeX 2.9/tex/generic/oberdiek/catchfile.sty
C:/Program Files (x86)/MiKTeX 2.9/tex/generic/oberdiek/embedfile.sty
C:/Program Files (x86)/MiKTeX 2.9/tex/generic/oberdiek/engord.sty
C:/Program Files (x86)/MiKTeX 2.9/tex/generic/oberdiek/eolgrab.sty
C:/Program Files (x86)/MiKTeX 2.9/tex/generic/oberdiek/etexcmds.sty
C:/Program Files (x86)/MiKTeX 2.9/tex/generic/oberdiek/fibnum.sty
C:/Program Files (x86)/MiKTeX 2.9/tex/generic/oberdiek/gettitlestring.sty
C:/Program Files (x86)/MiKTeX 2.9/tex/generic/oberdiek/hobsub-generic.sty
C:/Program Files (x86)/MiKTeX 2.9/tex/generic/oberdiek/hobsub-hyperref.sty
C:/Program Files (x86)/MiKTeX 2.9/tex/generic/oberdiek/hobsub.sty
C:/Program Files (x86)/MiKTeX 2.9/tex/generic/oberdiek/hologo.sty
C:/Program Files (x86)/MiKTeX 2.9/tex/generic/oberdiek/hyphsubst.sty
C:/Program Files (x86)/MiKTeX 2.9/tex/generic/oberdiek/iflang.sty
C:/Program Files (x86)/MiKTeX 2.9/tex/generic/oberdiek/ifluatex.sty
C:/Program Files (x86)/MiKTeX 2.9/tex/generic/oberdiek/ifpdf.sty
C:/Program Files (x86)/MiKTeX 2.9/tex/generic/oberdiek/ifvtex.sty
C:/Program Files (x86)/MiKTeX 2.9/tex/generic/oberdiek/infwarerr.sty
C:/Program Files (x86)/MiKTeX 2.9/tex/generic/oberdiek/intcalc.sty
C:/Program Files (x86)/MiKTeX 2.9/tex/generic/oberdiek/kvdefinekeys.sty
C:/Program Files (x86)/MiKTeX 2.9/tex/generic/oberdiek/kvsetkeys.sty
C:/Program Files (x86)/MiKTeX 2.9/tex/generic/oberdiek/ltxcmds.sty
C:/Program Files (x86)/MiKTeX 2.9/tex/generic/oberdiek/luatex-loader.sty
C:/Program Files (x86)/MiKTeX 2.9/tex/generic/oberdiek/luatex.sty
C:/Program Files (x86)/MiKTeX 2.9/tex/generic/oberdiek/magicnum.sty
C:/Program Files (x86)/MiKTeX 2.9/tex/generic/oberdiek/mleftright.sty
C:/Program Files (x86)/MiKTeX 2.9/tex/generic/oberdiek/pdfcol.sty
C:/Program Files (x86)/MiKTeX 2.9/tex/generic/oberdiek/pdfcrypt.sty
C:/Program Files (x86)/MiKTeX 2.9/tex/generic/oberdiek/pdfescape.sty
C:/Program Files (x86)/MiKTeX 2.9/tex/generic/oberdiek/pdfrender.sty
C:/Program Files (x86)/MiKTeX 2.9/tex/generic/oberdiek/pdftexcmds.sty
C:/Program Files (x86)/MiKTeX 2.9/tex/generic/oberdiek/protecteddef.sty
C:/Program Files (x86)/MiKTeX 2.9/tex/generic/oberdiek/rotchiffre.sty
C:/Program Files (x86)/MiKTeX 2.9/tex/generic/oberdiek/setouterhbox.sty
C:/Program Files (x86)/MiKTeX 2.9/tex/generic/oberdiek/soulutf8.sty
C:/Program Files (x86)/MiKTeX 2.9/tex/generic/oberdiek/stringenc.sty
C:/Program Files (x86)/MiKTeX 2.9/tex/generic/oberdiek/telprint.sty
C:/Program Files (x86)/MiKTeX 2.9/tex/generic/oberdiek/thepdfnumber.sty
C:/Program Files (x86)/MiKTeX 2.9/tex/generic/oberdiek/uniquecounter.sty
C:/Program Files (x86)/MiKTeX 2.9/tex/generic/serbianc/serbianc.sty
C:/Program Files (x86)/MiKTeX 2.9/tex/generic/thailatex/thswitch.sty
C:/Program Files (x86)/MiKTeX 2.9/tex/generic/thumbpdf/thumbpdf.sty
C:/Program Files (x86)/MiKTeX 2.9/tex/generic/xypic/xy.sty
C:/Program Files (x86)/MiKTeX 2.9/tex/generic/xypic/xypic.sty
C:/Program Files (x86)/MiKTeX 2.9/tex/latex/a0poster/a0size.sty
C:/Program Files (x86)/MiKTeX 2.9/tex/latex/achemso/achemso.sty
C:/Program Files (x86)/MiKTeX 2.9/tex/latex/achemso/natmove.sty
C:/Program Files (x86)/MiKTeX 2.9/tex/latex/ae/ae.sty
C:/Program Files (x86)/MiKTeX 2.9/tex/latex/ae/aecompl.sty
C:/Program Files (x86)/MiKTeX 2.9/tex/latex/aguplus/aguplus.sty
C:/Program Files (x86)/MiKTeX 2.9/tex/latex/aguplus/agupp.sty
C:/Program Files (x86)/MiKTeX 2.9/tex/latex/algorithm2e/algorithm2e.sty
C:/Program Files (x86)/MiKTeX 2.9/tex/latex/algorithms/algorithm.sty
C:/Program Files (x86)/MiKTeX 2.9/tex/latex/algorithms/algorithmic.sty
C:/Program Files (x86)/MiKTeX 2.9/tex/latex/amscls/amsbooka.sty
C:/Program Files (x86)/MiKTeX 2.9/tex/latex/amscls/amsmidx.sty
C:/Program Files (x86)/MiKTeX 2.9/tex/latex/amscls/amsthm.sty
C:/Program Files (x86)/MiKTeX 2.9/tex/latex/amscls/upref.sty
C:/Program Files (x86)/MiKTeX 2.9/tex/latex/amsfonts/amsfonts.sty
C:/Program Files (x86)/MiKTeX 2.9/tex/latex/amsfonts/amssymb.sty
C:/Program Files (x86)/MiKTeX 2.9/tex/latex/amsfonts/cmmib57.sty
C:/Program Files (x86)/MiKTeX 2.9/tex/latex/amsfonts/eucal.sty
C:/Program Files (x86)/MiKTeX 2.9/tex/latex/amsfonts/eufrak.sty
C:/Program Files (x86)/MiKTeX 2.9/tex/latex/amsfonts/euscript.sty
C:/Program Files (x86)/MiKTeX 2.9/tex/latex/amsmath/amsbsy.sty
C:/Program Files (x86)/MiKTeX 2.9/tex/latex/amsmath/amscd.sty
C:/Program Files (x86)/MiKTeX 2.9/tex/latex/amsmath/amsgen.sty
C:/Program Files (x86)/MiKTeX 2.9/tex/latex/amsmath/amsmath.sty
C:/Program Files (x86)/MiKTeX 2.9/tex/latex/amsmath/amsopn.sty
C:/Program Files (x86)/MiKTeX 2.9/tex/latex/amsmath/amstex.sty
C:/Program Files (x86)/MiKTeX 2.9/tex/latex/amsmath/amstext.sty
C:/Program Files (x86)/MiKTeX 2.9/tex/latex/amsmath/amsxtra.sty
C:/Program Files (x86)/MiKTeX 2.9/tex/latex/answers/answers.sty
C:/Program Files (x86)/MiKTeX 2.9/tex/latex/apacite/apacdoc.sty
C:/Program Files (x86)/MiKTeX 2.9/tex/latex/apacite/apacite.sty
C:/Program Files (x86)/MiKTeX 2.9/tex/latex/apalike/apalike.sty
C:/Program Files (x86)/MiKTeX 2.9/tex/latex/arabi/arabicfnt.sty
C:/Program Files (x86)/MiKTeX 2.9/tex/latex/arabi/arabicore.sty
C:/Program Files (x86)/MiKTeX 2.9/tex/latex/arabi/arabiftoday.sty
C:/Program Files (x86)/MiKTeX 2.9/tex/latex/arabi/arabnovowel.sty
C:/Program Files (x86)/MiKTeX 2.9/tex/latex/arabi/arfonts.sty
C:/Program Files (x86)/MiKTeX 2.9/tex/latex/arabi/calendrierfpar.sty
C:/Program Files (x86)/MiKTeX 2.9/tex/latex/arabi/calendrierfpmodified.sty
C:/Program Files (x86)/MiKTeX 2.9/tex/latex/arabi/farsifnt.sty
C:/Program Files (x86)/MiKTeX 2.9/tex/latex/arabi/fmultico.sty
C:/Program Files (x86)/MiKTeX 2.9/tex/latex/arabi/fnum.sty
C:/Program Files (x86)/MiKTeX 2.9/tex/latex/arabi/frfonts.sty
C:/Program Files (x86)/MiKTeX 2.9/tex/latex/arabi/haparabica.sty
C:/Program Files (x86)/MiKTeX 2.9/tex/latex/arabi/lagally.sty
C:/Program Files (x86)/MiKTeX 2.9/tex/latex/arabi/poetry.sty
C:/Program Files (x86)/MiKTeX 2.9/tex/latex/arabi/PPRarabic.sty
C:/Program Files (x86)/MiKTeX 2.9/tex/latex/arabi/translit.sty
C:/Program Files (x86)/MiKTeX 2.9/tex/latex/arabtex/abidir.sty
C:/Program Files (x86)/MiKTeX 2.9/tex/latex/arabtex/abjad.sty
C:/Program Files (x86)/MiKTeX 2.9/tex/latex/arabtex/aboxes.sty
C:/Program Files (x86)/MiKTeX 2.9/tex/latex/arabtex/acjk.sty
C:/Program Files (x86)/MiKTeX 2.9/tex/latex/arabtex/acmd.sty
C:/Program Files (x86)/MiKTeX 2.9/tex/latex/arabtex/aconfig.sty
C:/Program Files (x86)/MiKTeX 2.9/tex/latex/arabtex/aedpatch.sty
C:/Program Files (x86)/MiKTeX 2.9/tex/latex/arabtex/afonts.sty
C:/Program Files (x86)/MiKTeX 2.9/tex/latex/arabtex/afonts0.sty
C:/Program Files (x86)/MiKTeX 2.9/tex/latex/arabtex/afonts1.sty
C:/Program Files (x86)/MiKTeX 2.9/tex/latex/arabtex/afonts2.sty
C:/Program Files (x86)/MiKTeX 2.9/tex/latex/arabtex/afoot.sty
C:/Program Files (x86)/MiKTeX 2.9/tex/latex/arabtex/alatex.sty
C:/Program Files (x86)/MiKTeX 2.9/tex/latex/arabtex/aligs.sty
C:/Program Files (x86)/MiKTeX 2.9/tex/latex/arabtex/alists.sty
C:/Program Files (x86)/MiKTeX 2.9/tex/latex/arabtex/alocal.sty
C:/Program Files (x86)/MiKTeX 2.9/tex/latex/arabtex/altxext.sty
C:/Program Files (x86)/MiKTeX 2.9/tex/latex/arabtex/amac.sty
C:/Program Files (x86)/MiKTeX 2.9/tex/latex/arabtex/aoutput.sty
C:/Program Files (x86)/MiKTeX 2.9/tex/latex/arabtex/aparse.sty
C:/Program Files (x86)/MiKTeX 2.9/tex/latex/arabtex/apatch.sty
C:/Program Files (x86)/MiKTeX 2.9/tex/latex/arabtex/arababel.sty
C:/Program Files (x86)/MiKTeX 2.9/tex/latex/arabtex/arabaux.sty
C:/Program Files (x86)/MiKTeX 2.9/tex/latex/arabtex/arabchrs.sty
C:/Program Files (x86)/MiKTeX 2.9/tex/latex/arabtex/arabext.sty
C:/Program Files (x86)/MiKTeX 2.9/tex/latex/arabtex/arabskel.sty
C:/Program Files (x86)/MiKTeX 2.9/tex/latex/arabtex/arabsymb.sty
C:/Program Files (x86)/MiKTeX 2.9/tex/latex/arabtex/arabtex.sty
C:/Program Files (x86)/MiKTeX 2.9/tex/latex/arabtex/arabtoks.sty
C:/Program Files (x86)/MiKTeX 2.9/tex/latex/arabtex/ascan.sty
C:/Program Files (x86)/MiKTeX 2.9/tex/latex/arabtex/asect.sty
C:/Program Files (x86)/MiKTeX 2.9/tex/latex/arabtex/asmo449.sty
C:/Program Files (x86)/MiKTeX 2.9/tex/latex/arabtex/asmo449a.sty
C:/Program Files (x86)/MiKTeX 2.9/tex/latex/arabtex/atabg.sty
C:/Program Files (x86)/MiKTeX 2.9/tex/latex/arabtex/atrans.sty
C:/Program Files (x86)/MiKTeX 2.9/tex/latex/arabtex/awrite.sty
C:/Program Files (x86)/MiKTeX 2.9/tex/latex/arabtex/bhs.sty
C:/Program Files (x86)/MiKTeX 2.9/tex/latex/arabtex/bhslabel.sty
C:/Program Files (x86)/MiKTeX 2.9/tex/latex/arabtex/buck.sty
C:/Program Files (x86)/MiKTeX 2.9/tex/latex/arabtex/cp1256.sty
C:/Program Files (x86)/MiKTeX 2.9/tex/latex/arabtex/etrans.sty
C:/Program Files (x86)/MiKTeX 2.9/tex/latex/arabtex/gedalin.sty
C:/Program Files (x86)/MiKTeX 2.9/tex/latex/arabtex/hebchrs.sty
C:/Program Files (x86)/MiKTeX 2.9/tex/latex/arabtex/hebsymb.sty
C:/Program Files (x86)/MiKTeX 2.9/tex/latex/arabtex/hebtex.sty
C:/Program Files (x86)/MiKTeX 2.9/tex/latex/arabtex/hecmd.sty
C:/Program Files (x86)/MiKTeX 2.9/tex/latex/arabtex/hefonts.sty
C:/Program Files (x86)/MiKTeX 2.9/tex/latex/arabtex/hefonts0.sty
C:/Program Files (x86)/MiKTeX 2.9/tex/latex/arabtex/hefonts1.sty
C:/Program Files (x86)/MiKTeX 2.9/tex/latex/arabtex/hefonts2.sty
C:/Program Files (x86)/MiKTeX 2.9/tex/latex/arabtex/heparse.sty
C:/Program Files (x86)/MiKTeX 2.9/tex/latex/arabtex/hepatch.sty
C:/Program Files (x86)/MiKTeX 2.9/tex/latex/arabtex/hescan.sty
C:/Program Files (x86)/MiKTeX 2.9/tex/latex/arabtex/hetrans.sty
C:/Program Files (x86)/MiKTeX 2.9/tex/latex/arabtex/hewrite.sty
C:/Program Files (x86)/MiKTeX 2.9/tex/latex/arabtex/hmac.sty
C:/Program Files (x86)/MiKTeX 2.9/tex/latex/arabtex/isiri.sty
C:/Program Files (x86)/MiKTeX 2.9/tex/latex/arabtex/iso88596.sty
C:/Program Files (x86)/MiKTeX 2.9/tex/latex/arabtex/nashbf.sty
C:/Program Files (x86)/MiKTeX 2.9/tex/latex/arabtex/raw.sty
C:/Program Files (x86)/MiKTeX 2.9/tex/latex/arabtex/saw.sty
C:/Program Files (x86)/MiKTeX 2.9/tex/latex/arabtex/sotoku.sty
C:/Program Files (x86)/MiKTeX 2.9/tex/latex/arabtex/twoblks.sty
C:/Program Files (x86)/MiKTeX 2.9/tex/latex/arabtex/utf8.sty
C:/Program Files (x86)/MiKTeX 2.9/tex/latex/arabtex/utfcode.sty
C:/Program Files (x86)/MiKTeX 2.9/tex/latex/arabtex/verses.sty
C:/Program Files (x86)/MiKTeX 2.9/tex/latex/arabtex/witbhs.sty
C:/Program Files (x86)/MiKTeX 2.9/tex/latex/arabtex/xarbskel.sty
C:/Program Files (x86)/MiKTeX 2.9/tex/latex/arabtex/xarbsymb.sty
C:/Program Files (x86)/MiKTeX 2.9/tex/latex/arabtex/yiddish.sty
C:/Program Files (x86)/MiKTeX 2.9/tex/latex/arydshln/arydshln.sty
C:/Program Files (x86)/MiKTeX 2.9/tex/latex/ascii/ascii.sty
C:/Program Files (x86)/MiKTeX 2.9/tex/latex/authordate/authordate1-4.sty
C:/Program Files (x86)/MiKTeX 2.9/tex/latex/babel-georgian/georgian.sty
C:/Program Files (x86)/MiKTeX 2.9/tex/latex/babel-greek/athnum.sty
C:/Program Files (x86)/MiKTeX 2.9/tex/latex/babel-greek/grmath.sty
C:/Program Files (x86)/MiKTeX 2.9/tex/latex/babel-hebrew/hebcal.sty
C:/Program Files (x86)/MiKTeX 2.9/tex/latex/babel-hebrew/hebfont.sty
C:/Program Files (x86)/MiKTeX 2.9/tex/latex/babel-hebrew/hebrew_newcode.sty
C:/Program Files (x86)/MiKTeX 2.9/tex/latex/babel-hebrew/hebrew_oldcode.sty
C:/Program Files (x86)/MiKTeX 2.9/tex/latex/babel-hebrew/hebrew_p.sty
C:/Program Files (x86)/MiKTeX 2.9/tex/latex/babel-spanish/romanidx.sty
C:/Program Files (x86)/MiKTeX 2.9/tex/latex/base/alltt.sty
C:/Program Files (x86)/MiKTeX 2.9/tex/latex/base/article.sty
C:/Program Files (x86)/MiKTeX 2.9/tex/latex/base/bezier.sty
C:/Program Files (x86)/MiKTeX 2.9/tex/latex/base/book.sty
C:/Program Files (x86)/MiKTeX 2.9/tex/latex/base/doc.sty
C:/Program Files (x86)/MiKTeX 2.9/tex/latex/base/exscale.sty
C:/Program Files (x86)/MiKTeX 2.9/tex/latex/base/fix-cm.sty
C:/Program Files (x86)/MiKTeX 2.9/tex/latex/base/fixltx2e.sty
C:/Program Files (x86)/MiKTeX 2.9/tex/latex/base/flafter.sty
C:/Program Files (x86)/MiKTeX 2.9/tex/latex/base/fleqn.sty
C:/Program Files (x86)/MiKTeX 2.9/tex/latex/base/fltrace.sty
C:/Program Files (x86)/MiKTeX 2.9/tex/latex/base/fontenc.sty
C:/Program Files (x86)/MiKTeX 2.9/tex/latex/base/graphpap.sty
C:/Program Files (x86)/MiKTeX 2.9/tex/latex/base/ifthen.sty
C:/Program Files (x86)/MiKTeX 2.9/tex/latex/base/inputenc.sty
C:/Program Files (x86)/MiKTeX 2.9/tex/latex/base/latexrelease.sty
C:/Program Files (x86)/MiKTeX 2.9/tex/latex/base/latexsym.sty
C:/Program Files (x86)/MiKTeX 2.9/tex/latex/base/leqno.sty
C:/Program Files (x86)/MiKTeX 2.9/tex/latex/base/letter.sty
C:/Program Files (x86)/MiKTeX 2.9/tex/latex/base/makeidx.sty
C:/Program Files (x86)/MiKTeX 2.9/tex/latex/base/newlfont.sty
C:/Program Files (x86)/MiKTeX 2.9/tex/latex/base/oldlfont.sty
C:/Program Files (x86)/MiKTeX 2.9/tex/latex/base/openbib.sty
C:/Program Files (x86)/MiKTeX 2.9/tex/latex/base/proc.sty
C:/Program Files (x86)/MiKTeX 2.9/tex/latex/base/report.sty
C:/Program Files (x86)/MiKTeX 2.9/tex/latex/base/shortvrb.sty
C:/Program Files (x86)/MiKTeX 2.9/tex/latex/base/showidx.sty
C:/Program Files (x86)/MiKTeX 2.9/tex/latex/base/slides.sty
C:/Program Files (x86)/MiKTeX 2.9/tex/latex/base/syntonly.sty
C:/Program Files (x86)/MiKTeX 2.9/tex/latex/base/t1enc.sty
C:/Program Files (x86)/MiKTeX 2.9/tex/latex/base/textcomp.sty
C:/Program Files (x86)/MiKTeX 2.9/tex/latex/base/tracefnt.sty
C:/Program Files (x86)/MiKTeX 2.9/tex/latex/bbding/bbding.sty
C:/Program Files (x86)/MiKTeX 2.9/tex/latex/beamer/base/beamerarticle.sty
C:/Program Files (x86)/MiKTeX 2.9/tex/latex/beamer/base/beamerbasearticle.sty
C:/Program Files (x86)/MiKTeX 2.9/tex/latex/beamer/base/beamerbaseauxtemplates.sty
C:/Program Files (x86)/MiKTeX 2.9/tex/latex/beamer/base/beamerbaseboxes.sty
C:/Program Files (x86)/MiKTeX 2.9/tex/latex/beamer/base/beamerbasecolor.sty
C:/Program Files (x86)/MiKTeX 2.9/tex/latex/beamer/base/beamerbasecompatibility.sty
C:/Program Files (x86)/MiKTeX 2.9/tex/latex/beamer/base/beamerbasedecode.sty
C:/Program Files (x86)/MiKTeX 2.9/tex/latex/beamer/base/beamerbaseexercise.sty
C:/Program Files (x86)/MiKTeX 2.9/tex/latex/beamer/base/beamerbasefont.sty
C:/Program Files (x86)/MiKTeX 2.9/tex/latex/beamer/base/beamerbaseframe.sty
C:/Program Files (x86)/MiKTeX 2.9/tex/latex/beamer/base/beamerbaseframecomponents.sty
C:/Program Files (x86)/MiKTeX 2.9/tex/latex/beamer/base/beamerbaseframesize.sty
C:/Program Files (x86)/MiKTeX 2.9/tex/latex/beamer/base/beamerbaselocalstructure.sty
C:/Program Files (x86)/MiKTeX 2.9/tex/latex/beamer/base/beamerbasemisc.sty
C:/Program Files (x86)/MiKTeX 2.9/tex/latex/beamer/base/beamerbasemodes.sty
C:/Program Files (x86)/MiKTeX 2.9/tex/latex/beamer/base/beamerbasenavigation.sty
C:/Program Files (x86)/MiKTeX 2.9/tex/latex/beamer/base/beamerbasenotes.sty
C:/Program Files (x86)/MiKTeX 2.9/tex/latex/beamer/base/beamerbaseoptions.sty
C:/Program Files (x86)/MiKTeX 2.9/tex/latex/beamer/base/beamerbaseoverlay.sty
C:/Program Files (x86)/MiKTeX 2.9/tex/latex/beamer/base/beamerbasercs.sty
C:/Program Files (x86)/MiKTeX 2.9/tex/latex/beamer/base/beamerbaserequires.sty
C:/Program Files (x86)/MiKTeX 2.9/tex/latex/beamer/base/beamerbasesection.sty
C:/Program Files (x86)/MiKTeX 2.9/tex/latex/beamer/base/beamerbasetemplates.sty
C:/Program Files (x86)/MiKTeX 2.9/tex/latex/beamer/base/beamerbasethemes.sty
C:/Program Files (x86)/MiKTeX 2.9/tex/latex/beamer/base/beamerbasetheorems.sty
C:/Program Files (x86)/MiKTeX 2.9/tex/latex/beamer/base/beamerbasetitle.sty
C:/Program Files (x86)/MiKTeX 2.9/tex/latex/beamer/base/beamerbasetoc.sty
C:/Program Files (x86)/MiKTeX 2.9/tex/latex/beamer/base/beamerbasetranslator.sty
C:/Program Files (x86)/MiKTeX 2.9/tex/latex/beamer/base/beamerbasetwoscreens.sty
C:/Program Files (x86)/MiKTeX 2.9/tex/latex/beamer/base/beamerbaseverbatim.sty
C:/Program Files (x86)/MiKTeX 2.9/tex/latex/beamer/base/emulation/beamerfoils.sty
C:/Program Files (x86)/MiKTeX 2.9/tex/latex/beamer/base/emulation/beamerprosper.sty
C:/Program Files (x86)/MiKTeX 2.9/tex/latex/beamer/base/emulation/beamerseminar.sty
C:/Program Files (x86)/MiKTeX 2.9/tex/latex/beamer/base/emulation/beamertexpower.sty
C:/Program Files (x86)/MiKTeX 2.9/tex/latex/beamer/base/multimedia/multimedia.sty
C:/Program Files (x86)/MiKTeX 2.9/tex/latex/beamer/base/multimedia/multimediasymbols.sty
C:/Program Files (x86)/MiKTeX 2.9/tex/latex/beamer/base/multimedia/xmpmulti.sty
C:/Program Files (x86)/MiKTeX 2.9/tex/latex/beamer/base/themes/color/beamercolorthemealbatross.sty
C:/Program Files (x86)/MiKTeX 2.9/tex/latex/beamer/base/themes/color/beamercolorthemebeaver.sty
C:/Program Files (x86)/MiKTeX 2.9/tex/latex/beamer/base/themes/color/beamercolorthemebeetle.sty
C:/Program Files (x86)/MiKTeX 2.9/tex/latex/beamer/base/themes/color/beamercolorthemecrane.sty
C:/Program Files (x86)/MiKTeX 2.9/tex/latex/beamer/base/themes/color/beamercolorthemedefault.sty
C:/Program Files (x86)/MiKTeX 2.9/tex/latex/beamer/base/themes/color/beamercolorthemedolphin.sty
C:/Program Files (x86)/MiKTeX 2.9/tex/latex/beamer/base/themes/color/beamercolorthemedove.sty
C:/Program Files (x86)/MiKTeX 2.9/tex/latex/beamer/base/themes/color/beamercolorthemefly.sty
C:/Program Files (x86)/MiKTeX 2.9/tex/latex/beamer/base/themes/color/beamercolorthemelily.sty
C:/Program Files (x86)/MiKTeX 2.9/tex/latex/beamer/base/themes/color/beamercolorthememonarca.sty
C:/Program Files (x86)/MiKTeX 2.9/tex/latex/beamer/base/themes/color/beamercolorthemeorchid.sty
C:/Program Files (x86)/MiKTeX 2.9/tex/latex/beamer/base/themes/color/beamercolorthemerose.sty
C:/Program Files (x86)/MiKTeX 2.9/tex/latex/beamer/base/themes/color/beamercolorthemeseagull.sty
C:/Program Files (x86)/MiKTeX 2.9/tex/latex/beamer/base/themes/color/beamercolorthemeseahorse.sty
C:/Program Files (x86)/MiKTeX 2.9/tex/latex/beamer/base/themes/color/beamercolorthemesidebartab.sty
C:/Program Files (x86)/MiKTeX 2.9/tex/latex/beamer/base/themes/color/beamercolorthemespruce.sty
C:/Program Files (x86)/MiKTeX 2.9/tex/latex/beamer/base/themes/color/beamercolorthemestructure.sty
C:/Program Files (x86)/MiKTeX 2.9/tex/latex/beamer/base/themes/color/beamercolorthemewhale.sty
C:/Program Files (x86)/MiKTeX 2.9/tex/latex/beamer/base/themes/color/beamercolorthemewolverine.sty
C:/Program Files (x86)/MiKTeX 2.9/tex/latex/beamer/base/themes/font/beamerfontthemedefault.sty
C:/Program Files (x86)/MiKTeX 2.9/tex/latex/beamer/base/themes/font/beamerfontthemeprofessionalfonts.sty
C:/Program Files (x86)/MiKTeX 2.9/tex/latex/beamer/base/themes/font/beamerfontthemeserif.sty
C:/Program Files (x86)/MiKTeX 2.9/tex/latex/beamer/base/themes/font/beamerfontthemestructurebold.sty
C:/Program Files (x86)/MiKTeX 2.9/tex/latex/beamer/base/themes/font/beamerfontthemestructureitalicserif.sty
C:/Program Files (x86)/MiKTeX 2.9/tex/latex/beamer/base/themes/font/beamerfontthemestructuresmallcapsserif.sty
C:/Program Files (x86)/MiKTeX 2.9/tex/latex/beamer/base/themes/inner/beamerinnerthemecircles.sty
C:/Program Files (x86)/MiKTeX 2.9/tex/latex/beamer/base/themes/inner/beamerinnerthemedefault.sty
C:/Program Files (x86)/MiKTeX 2.9/tex/latex/beamer/base/themes/inner/beamerinnerthemeinmargin.sty
C:/Program Files (x86)/MiKTeX 2.9/tex/latex/beamer/base/themes/inner/beamerinnerthemerectangles.sty
C:/Program Files (x86)/MiKTeX 2.9/tex/latex/beamer/base/themes/inner/beamerinnerthemerounded.sty
C:/Program Files (x86)/MiKTeX 2.9/tex/latex/beamer/base/themes/outer/beamerouterthemedefault.sty
C:/Program Files (x86)/MiKTeX 2.9/tex/latex/beamer/base/themes/outer/beamerouterthemeinfolines.sty
C:/Program Files (x86)/MiKTeX 2.9/tex/latex/beamer/base/themes/outer/beamerouterthememiniframes.sty
C:/Program Files (x86)/MiKTeX 2.9/tex/latex/beamer/base/themes/outer/beamerouterthemeshadow.sty
C:/Program Files (x86)/MiKTeX 2.9/tex/latex/beamer/base/themes/outer/beamerouterthemesidebar.sty
C:/Program Files (x86)/MiKTeX 2.9/tex/latex/beamer/base/themes/outer/beamerouterthemesmoothbars.sty
C:/Program Files (x86)/MiKTeX 2.9/tex/latex/beamer/base/themes/outer/beamerouterthemesmoothtree.sty
C:/Program Files (x86)/MiKTeX 2.9/tex/latex/beamer/base/themes/outer/beamerouterthemesplit.sty
C:/Program Files (x86)/MiKTeX 2.9/tex/latex/beamer/base/themes/outer/beamerouterthemetree.sty
C:/Program Files (x86)/MiKTeX 2.9/tex/latex/beamer/base/themes/theme/beamerthemeAnnArbor.sty
C:/Program Files (x86)/MiKTeX 2.9/tex/latex/beamer/base/themes/theme/beamerthemeAntibes.sty
C:/Program Files (x86)/MiKTeX 2.9/tex/latex/beamer/base/themes/theme/beamerthemeBergen.sty
C:/Program Files (x86)/MiKTeX 2.9/tex/latex/beamer/base/themes/theme/beamerthemeBerkeley.sty
C:/Program Files (x86)/MiKTeX 2.9/tex/latex/beamer/base/themes/theme/beamerthemeBerlin.sty
C:/Program Files (x86)/MiKTeX 2.9/tex/latex/beamer/base/themes/theme/beamerthemeBoadilla.sty
C:/Program Files (x86)/MiKTeX 2.9/tex/latex/beamer/base/themes/theme/beamerthemeboxes.sty
C:/Program Files (x86)/MiKTeX 2.9/tex/latex/beamer/base/themes/theme/beamerthemeCambridgeUS.sty
C:/Program Files (x86)/MiKTeX 2.9/tex/latex/beamer/base/themes/theme/beamerthemeCopenhagen.sty
C:/Program Files (x86)/MiKTeX 2.9/tex/latex/beamer/base/themes/theme/beamerthemeDarmstadt.sty
C:/Program Files (x86)/MiKTeX 2.9/tex/latex/beamer/base/themes/theme/beamerthemedefault.sty
C:/Program Files (x86)/MiKTeX 2.9/tex/latex/beamer/base/themes/theme/beamerthemeDresden.sty
C:/Program Files (x86)/MiKTeX 2.9/tex/latex/beamer/base/themes/theme/beamerthemeEastLansing.sty
C:/Program Files (x86)/MiKTeX 2.9/tex/latex/beamer/base/themes/theme/beamerthemeFrankfurt.sty
C:/Program Files (x86)/MiKTeX 2.9/tex/latex/beamer/base/themes/theme/beamerthemeGoettingen.sty
C:/Program Files (x86)/MiKTeX 2.9/tex/latex/beamer/base/themes/theme/beamerthemeHannover.sty
C:/Program Files (x86)/MiKTeX 2.9/tex/latex/beamer/base/themes/theme/beamerthemeIlmenau.sty
C:/Program Files (x86)/MiKTeX 2.9/tex/latex/beamer/base/themes/theme/beamerthemeJuanLesPins.sty
C:/Program Files (x86)/MiKTeX 2.9/tex/latex/beamer/base/themes/theme/beamerthemeLuebeck.sty
C:/Program Files (x86)/MiKTeX 2.9/tex/latex/beamer/base/themes/theme/beamerthemeMadrid.sty
C:/Program Files (x86)/MiKTeX 2.9/tex/latex/beamer/base/themes/theme/beamerthemeMalmoe.sty
C:/Program Files (x86)/MiKTeX 2.9/tex/latex/beamer/base/themes/theme/beamerthemeMarburg.sty
C:/Program Files (x86)/MiKTeX 2.9/tex/latex/beamer/base/themes/theme/beamerthemeMontpellier.sty
C:/Program Files (x86)/MiKTeX 2.9/tex/latex/beamer/base/themes/theme/beamerthemePaloAlto.sty
C:/Program Files (x86)/MiKTeX 2.9/tex/latex/beamer/base/themes/theme/beamerthemePittsburgh.sty
C:/Program Files (x86)/MiKTeX 2.9/tex/latex/beamer/base/themes/theme/beamerthemeRochester.sty
C:/Program Files (x86)/MiKTeX 2.9/tex/latex/beamer/base/themes/theme/beamerthemeSingapore.sty
C:/Program Files (x86)/MiKTeX 2.9/tex/latex/beamer/base/themes/theme/beamerthemeSzeged.sty
C:/Program Files (x86)/MiKTeX 2.9/tex/latex/beamer/base/themes/theme/beamerthemeWarsaw.sty
C:/Program Files (x86)/MiKTeX 2.9/tex/latex/beamer/base/themes/theme/compatibility/beamerthemebars.sty
C:/Program Files (x86)/MiKTeX 2.9/tex/latex/beamer/base/themes/theme/compatibility/beamerthemeclassic.sty
C:/Program Files (x86)/MiKTeX 2.9/tex/latex/beamer/base/themes/theme/compatibility/beamerthemecompatibility.sty
C:/Program Files (x86)/MiKTeX 2.9/tex/latex/beamer/base/themes/theme/compatibility/beamerthemelined.sty
C:/Program Files (x86)/MiKTeX 2.9/tex/latex/beamer/base/themes/theme/compatibility/beamerthemeplain.sty
C:/Program Files (x86)/MiKTeX 2.9/tex/latex/beamer/base/themes/theme/compatibility/beamerthemeshadow.sty
C:/Program Files (x86)/MiKTeX 2.9/tex/latex/beamer/base/themes/theme/compatibility/beamerthemesidebar.sty
C:/Program Files (x86)/MiKTeX 2.9/tex/latex/beamer/base/themes/theme/compatibility/beamerthemesplit.sty
C:/Program Files (x86)/MiKTeX 2.9/tex/latex/beamer/base/themes/theme/compatibility/beamerthemetree.sty
C:/Program Files (x86)/MiKTeX 2.9/tex/latex/beamer/base/translator/translator.sty
C:/Program Files (x86)/MiKTeX 2.9/tex/latex/beamerposter/beamerposter.sty
C:/Program Files (x86)/MiKTeX 2.9/tex/latex/bera/bera.sty
C:/Program Files (x86)/MiKTeX 2.9/tex/latex/bera/beramono.sty
C:/Program Files (x86)/MiKTeX 2.9/tex/latex/bera/berasans.sty
C:/Program Files (x86)/MiKTeX 2.9/tex/latex/bera/beraserif.sty
C:/Program Files (x86)/MiKTeX 2.9/tex/latex/bezos/accents.sty
C:/Program Files (x86)/MiKTeX 2.9/tex/latex/bezos/arabicfront.sty
C:/Program Files (x86)/MiKTeX 2.9/tex/latex/bezos/babeltools.sty
C:/Program Files (x86)/MiKTeX 2.9/tex/latex/bezos/checkend.sty
C:/Program Files (x86)/MiKTeX 2.9/tex/latex/bezos/dotlessi.sty
C:/Program Files (x86)/MiKTeX 2.9/tex/latex/bezos/esindex.sty
C:/Program Files (x86)/MiKTeX 2.9/tex/latex/bezos/soulpos.sty
C:/Program Files (x86)/MiKTeX 2.9/tex/latex/bezos/subdocs.sty
C:/Program Files (x86)/MiKTeX 2.9/tex/latex/bezos/tensind.sty
C:/Program Files (x86)/MiKTeX 2.9/tex/latex/bibtopic/bibtopic.sty
C:/Program Files (x86)/MiKTeX 2.9/tex/latex/bigfoot/bigfoot.sty
C:/Program Files (x86)/MiKTeX 2.9/tex/latex/bigfoot/perpage.sty
C:/Program Files (x86)/MiKTeX 2.9/tex/latex/bigfoot/suffix.sty
C:/Program Files (x86)/MiKTeX 2.9/tex/latex/booktabs/booktabs.sty
C:/Program Files (x86)/MiKTeX 2.9/tex/latex/braille/braille.sty
C:/Program Files (x86)/MiKTeX 2.9/tex/latex/braket/braket.sty
C:/Program Files (x86)/MiKTeX 2.9/tex/latex/breakurl/breakurl.sty
C:/Program Files (x86)/MiKTeX 2.9/tex/latex/cancel/cancel.sty
C:/Program Files (x86)/MiKTeX 2.9/tex/latex/caption/bicaption.sty
C:/Program Files (x86)/MiKTeX 2.9/tex/latex/caption/caption.sty
C:/Program Files (x86)/MiKTeX 2.9/tex/latex/caption/caption2.sty
C:/Program Files (x86)/MiKTeX 2.9/tex/latex/caption/caption3.sty
C:/Program Files (x86)/MiKTeX 2.9/tex/latex/caption/ltcaption.sty
C:/Program Files (x86)/MiKTeX 2.9/tex/latex/caption/newfloat.sty
C:/Program Files (x86)/MiKTeX 2.9/tex/latex/caption/subcaption.sty
C:/Program Files (x86)/MiKTeX 2.9/tex/latex/caption/totalcount.sty
C:/Program Files (x86)/MiKTeX 2.9/tex/latex/carlisle/dotlessj.sty
C:/Program Files (x86)/MiKTeX 2.9/tex/latex/carlisle/ltxtable.sty
C:/Program Files (x86)/MiKTeX 2.9/tex/latex/carlisle/plain.sty
C:/Program Files (x86)/MiKTeX 2.9/tex/latex/carlisle/remreset.sty
C:/Program Files (x86)/MiKTeX 2.9/tex/latex/carlisle/scalefnt.sty
C:/Program Files (x86)/MiKTeX 2.9/tex/latex/carlisle/slashed.sty
C:/Program Files (x86)/MiKTeX 2.9/tex/latex/cbcoptic/coptic.sty
C:/Program Files (x86)/MiKTeX 2.9/tex/latex/cbcoptic/prnthyph.sty
C:/Program Files (x86)/MiKTeX 2.9/tex/latex/ccfonts/ccfonts.sty
C:/Program Files (x86)/MiKTeX 2.9/tex/latex/changepage/changepage.sty
C:/Program Files (x86)/MiKTeX 2.9/tex/latex/changepage/chngpage.sty
C:/Program Files (x86)/MiKTeX 2.9/tex/latex/chicago/chicago.sty
C:/Program Files (x86)/MiKTeX 2.9/tex/latex/cite/chapterbib.sty
C:/Program Files (x86)/MiKTeX 2.9/tex/latex/cite/cite.sty
C:/Program Files (x86)/MiKTeX 2.9/tex/latex/cite/drftcite.sty
C:/Program Files (x86)/MiKTeX 2.9/tex/latex/cite/overcite.sty
C:/Program Files (x86)/MiKTeX 2.9/tex/latex/cjk/CJK.sty
C:/Program Files (x86)/MiKTeX 2.9/tex/latex/cjk/CJKfntef.sty
C:/Program Files (x86)/MiKTeX 2.9/tex/latex/cjk/CJKnumb.sty
C:/Program Files (x86)/MiKTeX 2.9/tex/latex/cjk/CJKspace.sty
C:/Program Files (x86)/MiKTeX 2.9/tex/latex/cjk/CJKulem.sty
C:/Program Files (x86)/MiKTeX 2.9/tex/latex/cjk/CJKutf8.sty
C:/Program Files (x86)/MiKTeX 2.9/tex/latex/cjk/CJKvert.sty
C:/Program Files (x86)/MiKTeX 2.9/tex/latex/cjk/pinyin.sty
C:/Program Files (x86)/MiKTeX 2.9/tex/latex/cjk/ruby.sty
C:/Program Files (x86)/MiKTeX 2.9/tex/latex/cjk/KS/HLaTeX/pshan.sty
C:/Program Files (x86)/MiKTeX 2.9/tex/latex/cjk/mule/MULEenc.sty
C:/Program Files (x86)/MiKTeX 2.9/tex/latex/classico/classico.sty
C:/Program Files (x86)/MiKTeX 2.9/tex/latex/cleveref/cleveref.sty
C:/Program Files (x86)/MiKTeX 2.9/tex/latex/cmbright/cmbright.sty
C:/Program Files (x86)/MiKTeX 2.9/tex/latex/colortbl/colortbl.sty
C:/Program Files (x86)/MiKTeX 2.9/tex/latex/concmath/concmath.sty
C:/Program Files (x86)/MiKTeX 2.9/tex/latex/covington/covington.sty
C:/Program Files (x86)/MiKTeX 2.9/tex/latex/csquotes/csquotes.sty
C:/Program Files (x86)/MiKTeX 2.9/tex/latex/ctex/ctex.sty
C:/Program Files (x86)/MiKTeX 2.9/tex/latex/ctex/ctexcap.sty
C:/Program Files (x86)/MiKTeX 2.9/tex/latex/ctex/ctexheading.sty
C:/Program Files (x86)/MiKTeX 2.9/tex/latex/ctex/ctexhook.sty
C:/Program Files (x86)/MiKTeX 2.9/tex/latex/ctex/ctexpatch.sty
C:/Program Files (x86)/MiKTeX 2.9/tex/latex/ctex/ctexsize.sty
C:/Program Files (x86)/MiKTeX 2.9/tex/latex/cyrillic/lcy.sty
C:/Program Files (x86)/MiKTeX 2.9/tex/latex/datetime/datetime-defaults.sty
C:/Program Files (x86)/MiKTeX 2.9/tex/latex/datetime/datetime.sty
C:/Program Files (x86)/MiKTeX 2.9/tex/latex/diagbox/diagbox.sty
C:/Program Files (x86)/MiKTeX 2.9/tex/latex/dinbrief/dinbrief.sty
C:/Program Files (x86)/MiKTeX 2.9/tex/latex/dtk/dtk-pdf.sty
C:/Program Files (x86)/MiKTeX 2.9/tex/latex/dtk/dtk-url.sty
C:/Program Files (x86)/MiKTeX 2.9/tex/latex/dtk/dtklogos.sty
C:/Program Files (x86)/MiKTeX 2.9/tex/latex/dvipost/dvipost.sty
C:/Program Files (x86)/MiKTeX 2.9/tex/latex/eco/eco.sty
C:/Program Files (x86)/MiKTeX 2.9/tex/latex/endfloat/endfloat.sty
C:/Program Files (x86)/MiKTeX 2.9/tex/latex/endnotes/endnotes.sty
C:/Program Files (x86)/MiKTeX 2.9/tex/latex/enumitem/enumitem.sty
C:/Program Files (x86)/MiKTeX 2.9/tex/latex/epsf/epsf.sty
C:/Program Files (x86)/MiKTeX 2.9/tex/latex/esint/esint.sty
C:/Program Files (x86)/MiKTeX 2.9/tex/latex/eso-pic/eso-pic.sty
C:/Program Files (x86)/MiKTeX 2.9/tex/latex/eso-pic/showframe.sty
C:/Program Files (x86)/MiKTeX 2.9/tex/latex/etoolbox/etoolbox.sty
C:/Program Files (x86)/MiKTeX 2.9/tex/latex/eulervm/eulervm.sty
C:/Program Files (x86)/MiKTeX 2.9/tex/latex/eurosym/eurosym.sty
C:/Program Files (x86)/MiKTeX 2.9/tex/latex/extsizes/autopagewidth.sty
C:/Program Files (x86)/MiKTeX 2.9/tex/latex/extsizes/extsizes.sty
C:/Program Files (x86)/MiKTeX 2.9/tex/latex/fancybox/fancybox.sty
C:/Program Files (x86)/MiKTeX 2.9/tex/latex/fancyhdr/extramarks.sty
C:/Program Files (x86)/MiKTeX 2.9/tex/latex/fancyhdr/fancyhdr.sty
C:/Program Files (x86)/MiKTeX 2.9/tex/latex/fancyhdr/fancyheadings.sty
C:/Program Files (x86)/MiKTeX 2.9/tex/latex/fancyvrb/fancyvrb.sty
C:/Program Files (x86)/MiKTeX 2.9/tex/latex/fancyvrb/fvrb-ex.sty
C:/Program Files (x86)/MiKTeX 2.9/tex/latex/fancyvrb/hbaw.sty
C:/Program Files (x86)/MiKTeX 2.9/tex/latex/fancyvrb/hcolor.sty
C:/Program Files (x86)/MiKTeX 2.9/tex/latex/feyn/feyn.sty
C:/Program Files (x86)/MiKTeX 2.9/tex/latex/filecontents/filecontents.sty
C:/Program Files (x86)/MiKTeX 2.9/tex/latex/filehook/filehook-fink.sty
C:/Program Files (x86)/MiKTeX 2.9/tex/latex/filehook/filehook-listings.sty
C:/Program Files (x86)/MiKTeX 2.9/tex/latex/filehook/filehook-memoir.sty
C:/Program Files (x86)/MiKTeX 2.9/tex/latex/filehook/filehook-scrlfile.sty
C:/Program Files (x86)/MiKTeX 2.9/tex/latex/filehook/filehook.sty
C:/Program Files (x86)/MiKTeX 2.9/tex/latex/filehook/pgf-filehook.sty
C:/Program Files (x86)/MiKTeX 2.9/tex/latex/float/float.sty
C:/Program Files (x86)/MiKTeX 2.9/tex/latex/fmtcount/fcnumparser.sty
C:/Program Files (x86)/MiKTeX 2.9/tex/latex/fmtcount/fcprefix.sty
C:/Program Files (x86)/MiKTeX 2.9/tex/latex/fmtcount/fmtcount.sty
C:/Program Files (x86)/MiKTeX 2.9/tex/latex/fontaxes/fontaxes.sty
C:/Program Files (x86)/MiKTeX 2.9/tex/latex/fontspec/fontspec-luatex.sty
C:/Program Files (x86)/MiKTeX 2.9/tex/latex/fontspec/fontspec-patches.sty
C:/Program Files (x86)/MiKTeX 2.9/tex/latex/fontspec/fontspec-xetex.sty
C:/Program Files (x86)/MiKTeX 2.9/tex/latex/fontspec/fontspec.sty
C:/Program Files (x86)/MiKTeX 2.9/tex/latex/footmisc/footmisc.sty
C:/Program Files (x86)/MiKTeX 2.9/tex/latex/fourier/fourier-orns.sty
C:/Program Files (x86)/MiKTeX 2.9/tex/latex/fourier/fourier.sty
C:/Program Files (x86)/MiKTeX 2.9/tex/latex/fp/defpattern.sty
C:/Program Files (x86)/MiKTeX 2.9/tex/latex/fp/fp-addons.sty
C:/Program Files (x86)/MiKTeX 2.9/tex/latex/fp/fp-basic.sty
C:/Program Files (x86)/MiKTeX 2.9/tex/latex/fp/fp-eqn.sty
C:/Program Files (x86)/MiKTeX 2.9/tex/latex/fp/fp-eval.sty
C:/Program Files (x86)/MiKTeX 2.9/tex/latex/fp/fp-exp.sty
C:/Program Files (x86)/MiKTeX 2.9/tex/latex/fp/fp-pas.sty
C:/Program Files (x86)/MiKTeX 2.9/tex/latex/fp/fp-random.sty
C:/Program Files (x86)/MiKTeX 2.9/tex/latex/fp/fp-snap.sty
C:/Program Files (x86)/MiKTeX 2.9/tex/latex/fp/fp-trigo.sty
C:/Program Files (x86)/MiKTeX 2.9/tex/latex/fp/fp-upn.sty
C:/Program Files (x86)/MiKTeX 2.9/tex/latex/fp/fp.sty
C:/Program Files (x86)/MiKTeX 2.9/tex/latex/fp/lfp.sty
C:/Program Files (x86)/MiKTeX 2.9/tex/latex/framed/framed.sty
C:/Program Files (x86)/MiKTeX 2.9/tex/latex/frankenstein/abbrevs.sty
C:/Program Files (x86)/MiKTeX 2.9/tex/latex/frankenstein/achicago.sty
C:/Program Files (x86)/MiKTeX 2.9/tex/latex/frankenstein/attrib.sty
C:/Program Files (x86)/MiKTeX 2.9/tex/latex/frankenstein/bits.sty
C:/Program Files (x86)/MiKTeX 2.9/tex/latex/frankenstein/blkcntrl.sty
C:/Program Files (x86)/MiKTeX 2.9/tex/latex/frankenstein/compsci.sty
C:/Program Files (x86)/MiKTeX 2.9/tex/latex/frankenstein/dialogue.sty
C:/Program Files (x86)/MiKTeX 2.9/tex/latex/frankenstein/drama.sty
C:/Program Files (x86)/MiKTeX 2.9/tex/latex/frankenstein/includex.sty
C:/Program Files (x86)/MiKTeX 2.9/tex/latex/frankenstein/lips.sty
C:/Program Files (x86)/MiKTeX 2.9/tex/latex/frankenstein/moredefs.sty
C:/Program Files (x86)/MiKTeX 2.9/tex/latex/frankenstein/newclude.sty
C:/Program Files (x86)/MiKTeX 2.9/tex/latex/frankenstein/slemph.sty
C:/Program Files (x86)/MiKTeX 2.9/tex/latex/frankenstein/titles.sty
C:/Program Files (x86)/MiKTeX 2.9/tex/latex/g-brief/g-brief.sty
C:/Program Files (x86)/MiKTeX 2.9/tex/latex/g-brief/g-brief2.sty
C:/Program Files (x86)/MiKTeX 2.9/tex/latex/garamondx/garamondx.sty
C:/Program Files (x86)/MiKTeX 2.9/tex/latex/geometry/geometry.sty
C:/Program Files (x86)/MiKTeX 2.9/tex/latex/graphics/color.sty
C:/Program Files (x86)/MiKTeX 2.9/tex/latex/graphics/epsfig.sty
C:/Program Files (x86)/MiKTeX 2.9/tex/latex/graphics/graphics.sty
C:/Program Files (x86)/MiKTeX 2.9/tex/latex/graphics/graphicx.sty
C:/Program Files (x86)/MiKTeX 2.9/tex/latex/graphics/keyval.sty
C:/Program Files (x86)/MiKTeX 2.9/tex/latex/graphics/lscape.sty
C:/Program Files (x86)/MiKTeX 2.9/tex/latex/graphics/trig.sty
C:/Program Files (x86)/MiKTeX 2.9/tex/latex/harvard/harvard.sty
C:/Program Files (x86)/MiKTeX 2.9/tex/latex/hyperref/backref.sty
C:/Program Files (x86)/MiKTeX 2.9/tex/latex/hyperref/hyperref.sty
C:/Program Files (x86)/MiKTeX 2.9/tex/latex/hyperref/minitoc-hyper.sty
C:/Program Files (x86)/MiKTeX 2.9/tex/latex/hyperref/nameref.sty
C:/Program Files (x86)/MiKTeX 2.9/tex/latex/hyperref/nohyperref.sty
C:/Program Files (x86)/MiKTeX 2.9/tex/latex/hyperref/ntheorem-hyper.sty
C:/Program Files (x86)/MiKTeX 2.9/tex/latex/hyperref/xr-hyper.sty
C:/Program Files (x86)/MiKTeX 2.9/tex/latex/hyphenat/hyphenat.sty
C:/Program Files (x86)/MiKTeX 2.9/tex/latex/ifmtarg/ifmtarg.sty
C:/Program Files (x86)/MiKTeX 2.9/tex/latex/ifsym/ifsym.sty
C:/Program Files (x86)/MiKTeX 2.9/tex/latex/iftex/iftex.sty
C:/Program Files (x86)/MiKTeX 2.9/tex/latex/iwona/iwona.sty
C:/Program Files (x86)/MiKTeX 2.9/tex/latex/jknappen/greekctr.sty
C:/Program Files (x86)/MiKTeX 2.9/tex/latex/jknappen/holtpolt.sty
C:/Program Files (x86)/MiKTeX 2.9/tex/latex/jknappen/mathbbol.sty
C:/Program Files (x86)/MiKTeX 2.9/tex/latex/jknappen/mathrsfs.sty
C:/Program Files (x86)/MiKTeX 2.9/tex/latex/jknappen/parboxx.sty
C:/Program Files (x86)/MiKTeX 2.9/tex/latex/jknappen/sans.sty
C:/Program Files (x86)/MiKTeX 2.9/tex/latex/jknappen/semtrans.sty
C:/Program Files (x86)/MiKTeX 2.9/tex/latex/jknappen/sgmlcmpt.sty
C:/Program Files (x86)/MiKTeX 2.9/tex/latex/jknappen/smartmn.sty
C:/Program Files (x86)/MiKTeX 2.9/tex/latex/jknappen/tccompat.sty
C:/Program Files (x86)/MiKTeX 2.9/tex/latex/jknappen/young.sty
C:/Program Files (x86)/MiKTeX 2.9/tex/latex/jsclasses/jsverb.sty
C:/Program Files (x86)/MiKTeX 2.9/tex/latex/jsclasses/minijs.sty
C:/Program Files (x86)/MiKTeX 2.9/tex/latex/jsclasses/morisawa.sty
C:/Program Files (x86)/MiKTeX 2.9/tex/latex/jsclasses/okumacro.sty
C:/Program Files (x86)/MiKTeX 2.9/tex/latex/jsclasses/okuverb.sty
C:/Program Files (x86)/MiKTeX 2.9/tex/latex/jurabib/jurabib.sty
C:/Program Files (x86)/MiKTeX 2.9/tex/latex/kluwer/klucite.sty
C:/Program Files (x86)/MiKTeX 2.9/tex/latex/kluwer/kluedit.sty
C:/Program Files (x86)/MiKTeX 2.9/tex/latex/kluwer/klufloa.sty
C:/Program Files (x86)/MiKTeX 2.9/tex/latex/kluwer/klulist.sty
C:/Program Files (x86)/MiKTeX 2.9/tex/latex/kluwer/klumac.sty
C:/Program Files (x86)/MiKTeX 2.9/tex/latex/kluwer/klumath.sty
C:/Program Files (x86)/MiKTeX 2.9/tex/latex/kluwer/klumono.sty
C:/Program Files (x86)/MiKTeX 2.9/tex/latex/kluwer/klunote.sty
C:/Program Files (x86)/MiKTeX 2.9/tex/latex/kluwer/kluopen.sty
C:/Program Files (x86)/MiKTeX 2.9/tex/latex/kluwer/klups.sty
C:/Program Files (x86)/MiKTeX 2.9/tex/latex/kluwer/kluref.sty
C:/Program Files (x86)/MiKTeX 2.9/tex/latex/kluwer/klusec.sty
C:/Program Files (x86)/MiKTeX 2.9/tex/latex/kluwer/klutab.sty
C:/Program Files (x86)/MiKTeX 2.9/tex/latex/koma-script/scraddr.sty
C:/Program Files (x86)/MiKTeX 2.9/tex/latex/koma-script/scrbase.sty
C:/Program Files (x86)/MiKTeX 2.9/tex/latex/koma-script/scrdate.sty
C:/Program Files (x86)/MiKTeX 2.9/tex/latex/koma-script/scrextend.sty
C:/Program Files (x86)/MiKTeX 2.9/tex/latex/koma-script/scrfontsizes.sty
C:/Program Files (x86)/MiKTeX 2.9/tex/latex/koma-script/scrhack.sty
C:/Program Files (x86)/MiKTeX 2.9/tex/latex/koma-script/scrjura.sty
C:/Program Files (x86)/MiKTeX 2.9/tex/latex/koma-script/scrkbase.sty
C:/Program Files (x86)/MiKTeX 2.9/tex/latex/koma-script/scrlayer-notecolumn.sty
C:/Program Files (x86)/MiKTeX 2.9/tex/latex/koma-script/scrlayer-scrpage.sty
C:/Program Files (x86)/MiKTeX 2.9/tex/latex/koma-script/scrlayer.sty
C:/Program Files (x86)/MiKTeX 2.9/tex/latex/koma-script/scrletter.sty
C:/Program Files (x86)/MiKTeX 2.9/tex/latex/koma-script/scrlfile.sty
C:/Program Files (x86)/MiKTeX 2.9/tex/latex/koma-script/scrpage2.sty
C:/Program Files (x86)/MiKTeX 2.9/tex/latex/koma-script/scrtime.sty
C:/Program Files (x86)/MiKTeX 2.9/tex/latex/koma-script/scrwfile.sty
C:/Program Files (x86)/MiKTeX 2.9/tex/latex/koma-script/tocbasic.sty
C:/Program Files (x86)/MiKTeX 2.9/tex/latex/koma-script/tocstyle.sty
C:/Program Files (x86)/MiKTeX 2.9/tex/latex/koma-script/typearea.sty
C:/Program Files (x86)/MiKTeX 2.9/tex/latex/kurier/kurier.sty
C:/Program Files (x86)/MiKTeX 2.9/tex/latex/l3kernel/expl3.sty
C:/Program Files (x86)/MiKTeX 2.9/tex/latex/l3kernel/l3basics.sty
C:/Program Files (x86)/MiKTeX 2.9/tex/latex/l3kernel/l3bootstrap.sty
C:/Program Files (x86)/MiKTeX 2.9/tex/latex/l3kernel/l3box.sty
C:/Program Files (x86)/MiKTeX 2.9/tex/latex/l3kernel/l3candidates.sty
C:/Program Files (x86)/MiKTeX 2.9/tex/latex/l3kernel/l3clist.sty
C:/Program Files (x86)/MiKTeX 2.9/tex/latex/l3kernel/l3coffins.sty
C:/Program Files (x86)/MiKTeX 2.9/tex/latex/l3kernel/l3color.sty
C:/Program Files (x86)/MiKTeX 2.9/tex/latex/l3kernel/l3expan.sty
C:/Program Files (x86)/MiKTeX 2.9/tex/latex/l3kernel/l3file.sty
C:/Program Files (x86)/MiKTeX 2.9/tex/latex/l3kernel/l3fp.sty
C:/Program Files (x86)/MiKTeX 2.9/tex/latex/l3kernel/l3int.sty
C:/Program Files (x86)/MiKTeX 2.9/tex/latex/l3kernel/l3keys.sty
C:/Program Files (x86)/MiKTeX 2.9/tex/latex/l3kernel/l3msg.sty
C:/Program Files (x86)/MiKTeX 2.9/tex/latex/l3kernel/l3names.sty
C:/Program Files (x86)/MiKTeX 2.9/tex/latex/l3kernel/l3prg.sty
C:/Program Files (x86)/MiKTeX 2.9/tex/latex/l3kernel/l3prop.sty
C:/Program Files (x86)/MiKTeX 2.9/tex/latex/l3kernel/l3quark.sty
C:/Program Files (x86)/MiKTeX 2.9/tex/latex/l3kernel/l3seq.sty
C:/Program Files (x86)/MiKTeX 2.9/tex/latex/l3kernel/l3skip.sty
C:/Program Files (x86)/MiKTeX 2.9/tex/latex/l3kernel/l3str.sty
C:/Program Files (x86)/MiKTeX 2.9/tex/latex/l3kernel/l3tl.sty
C:/Program Files (x86)/MiKTeX 2.9/tex/latex/l3kernel/l3token.sty
C:/Program Files (x86)/MiKTeX 2.9/tex/latex/l3packages/l3keys2e/l3keys2e.sty
C:/Program Files (x86)/MiKTeX 2.9/tex/latex/l3packages/xfrac/xfrac.sty
C:/Program Files (x86)/MiKTeX 2.9/tex/latex/l3packages/xparse/xparse.sty
C:/Program Files (x86)/MiKTeX 2.9/tex/latex/l3packages/xtemplate/xtemplate.sty
C:/Program Files (x86)/MiKTeX 2.9/tex/latex/lastpage/lastpage.sty
C:/Program Files (x86)/MiKTeX 2.9/tex/latex/lastpage/lastpage209.sty
C:/Program Files (x86)/MiKTeX 2.9/tex/latex/lettrine/lettrine.sty
C:/Program Files (x86)/MiKTeX 2.9/tex/latex/lh/lh-lcy.sty
C:/Program Files (x86)/MiKTeX 2.9/tex/latex/lh/lh-lcyccr.sty
C:/Program Files (x86)/MiKTeX 2.9/tex/latex/lh/lh-lcyxccr.sty
C:/Program Files (x86)/MiKTeX 2.9/tex/latex/lh/lh-ot2.sty
C:/Program Files (x86)/MiKTeX 2.9/tex/latex/lh/lh-ot2ccr.sty
C:/Program Files (x86)/MiKTeX 2.9/tex/latex/lh/lh-ot2xccr.sty
C:/Program Files (x86)/MiKTeX 2.9/tex/latex/lh/lh-t2accr.sty
C:/Program Files (x86)/MiKTeX 2.9/tex/latex/lh/lh-t2axccr.sty
C:/Program Files (x86)/MiKTeX 2.9/tex/latex/lh/lh-t2bccr.sty
C:/Program Files (x86)/MiKTeX 2.9/tex/latex/lh/lh-t2bxccr.sty
C:/Program Files (x86)/MiKTeX 2.9/tex/latex/lh/lh-t2cccr.sty
C:/Program Files (x86)/MiKTeX 2.9/tex/latex/lh/lh-t2cxccr.sty
C:/Program Files (x86)/MiKTeX 2.9/tex/latex/lh/lh-x2ccr.sty
C:/Program Files (x86)/MiKTeX 2.9/tex/latex/lh/lh-x2xccr.sty
C:/Program Files (x86)/MiKTeX 2.9/tex/latex/libertine/biolinum-type1.sty
C:/Program Files (x86)/MiKTeX 2.9/tex/latex/libertine/biolinum.sty
C:/Program Files (x86)/MiKTeX 2.9/tex/latex/libertine/libertine-type1.sty
C:/Program Files (x86)/MiKTeX 2.9/tex/latex/libertine/libertine.sty
C:/Program Files (x86)/MiKTeX 2.9/tex/latex/libertine/libertineMono-type1.sty
C:/Program Files (x86)/MiKTeX 2.9/tex/latex/libertine/libertineMono.sty
C:/Program Files (x86)/MiKTeX 2.9/tex/latex/libertine/libertineotf.sty
C:/Program Files (x86)/MiKTeX 2.9/tex/latex/libertine/libertineRoman.sty
C:/Program Files (x86)/MiKTeX 2.9/tex/latex/lineno/ednmath0.sty
C:/Program Files (x86)/MiKTeX 2.9/tex/latex/lineno/edtable.sty
C:/Program Files (x86)/MiKTeX 2.9/tex/latex/lineno/fnlineno.sty
C:/Program Files (x86)/MiKTeX 2.9/tex/latex/lineno/lineno.sty
C:/Program Files (x86)/MiKTeX 2.9/tex/latex/lineno/vplref.sty
C:/Program Files (x86)/MiKTeX 2.9/tex/latex/listings/listings.sty
C:/Program Files (x86)/MiKTeX 2.9/tex/latex/listings/lstdoc.sty
C:/Program Files (x86)/MiKTeX 2.9/tex/latex/listings/lstlang1.sty
C:/Program Files (x86)/MiKTeX 2.9/tex/latex/listings/lstlang2.sty
C:/Program Files (x86)/MiKTeX 2.9/tex/latex/listings/lstlang3.sty
C:/Program Files (x86)/MiKTeX 2.9/tex/latex/listings/lstmisc.sty
C:/Program Files (x86)/MiKTeX 2.9/tex/latex/lm/lmodern.sty
C:/Program Files (x86)/MiKTeX 2.9/tex/latex/ltfonts/l7xenc.sty
C:/Program Files (x86)/MiKTeX 2.9/tex/latex/ltxmisc/3parttable.sty
C:/Program Files (x86)/MiKTeX 2.9/tex/latex/ltxmisc/a5.sty
C:/Program Files (x86)/MiKTeX 2.9/tex/latex/ltxmisc/anysize.sty
C:/Program Files (x86)/MiKTeX 2.9/tex/latex/ltxmisc/bibcheck.sty
C:/Program Files (x86)/MiKTeX 2.9/tex/latex/ltxmisc/boxit.sty
C:/Program Files (x86)/MiKTeX 2.9/tex/latex/ltxmisc/chngpage.sty
C:/Program Files (x86)/MiKTeX 2.9/tex/latex/ltxmisc/citesort.sty
C:/Program Files (x86)/MiKTeX 2.9/tex/latex/ltxmisc/concrete.sty
C:/Program Files (x86)/MiKTeX 2.9/tex/latex/ltxmisc/fixfloats.sty
C:/Program Files (x86)/MiKTeX 2.9/tex/latex/ltxmisc/gdgspace.sty
C:/Program Files (x86)/MiKTeX 2.9/tex/latex/ltxmisc/here.sty
C:/Program Files (x86)/MiKTeX 2.9/tex/latex/ltxmisc/linsys.sty
C:/Program Files (x86)/MiKTeX 2.9/tex/latex/ltxmisc/mitpress.sty
C:/Program Files (x86)/MiKTeX 2.9/tex/latex/ltxmisc/nextpage.sty
C:/Program Files (x86)/MiKTeX 2.9/tex/latex/ltxmisc/pagesize.sty
C:/Program Files (x86)/MiKTeX 2.9/tex/latex/ltxmisc/parskip.sty
C:/Program Files (x86)/MiKTeX 2.9/tex/latex/ltxmisc/piccorr.sty
C:/Program Files (x86)/MiKTeX 2.9/tex/latex/ltxmisc/raggedr.sty
C:/Program Files (x86)/MiKTeX 2.9/tex/latex/ltxmisc/relsize.sty
C:/Program Files (x86)/MiKTeX 2.9/tex/latex/ltxmisc/selectp.sty
C:/Program Files (x86)/MiKTeX 2.9/tex/latex/ltxmisc/shadow.sty
C:/Program Files (x86)/MiKTeX 2.9/tex/latex/ltxmisc/showtags.sty
C:/Program Files (x86)/MiKTeX 2.9/tex/latex/ltxmisc/texilikechaps.sty
C:/Program Files (x86)/MiKTeX 2.9/tex/latex/ltxmisc/texilikecover.sty
C:/Program Files (x86)/MiKTeX 2.9/tex/latex/ltxmisc/thrmappendix.sty
C:/Program Files (x86)/MiKTeX 2.9/tex/latex/ltxmisc/topcapt.sty
C:/Program Files (x86)/MiKTeX 2.9/tex/latex/ltxmisc/varwidth.sty
C:/Program Files (x86)/MiKTeX 2.9/tex/latex/ltxmisc/verbasef.sty
C:/Program Files (x86)/MiKTeX 2.9/tex/latex/ltxmisc/version.sty
C:/Program Files (x86)/MiKTeX 2.9/tex/latex/ltxmisc/vpage.sty
C:/Program Files (x86)/MiKTeX 2.9/tex/latex/ltxmisc/vrbexin.sty
C:/Program Files (x86)/MiKTeX 2.9/tex/latex/luxi/luximono.sty
C:/Program Files (x86)/MiKTeX 2.9/tex/latex/lyx/lyxchess.sty
C:/Program Files (x86)/MiKTeX 2.9/tex/latex/lyx/lyxskak.sty
C:/Program Files (x86)/MiKTeX 2.9/tex/latex/lyx/subscript.sty
C:/Program Files (x86)/MiKTeX 2.9/tex/latex/makecmds/makecmds.sty
C:/Program Files (x86)/MiKTeX 2.9/tex/latex/marginnote/marginnote.sty
C:/Program Files (x86)/MiKTeX 2.9/tex/latex/marvosym/marvosym.sty
C:/Program Files (x86)/MiKTeX 2.9/tex/latex/mathdesign/mathdesign.sty
C:/Program Files (x86)/MiKTeX 2.9/tex/latex/mathdesign/mdbch/mdbch.sty
C:/Program Files (x86)/MiKTeX 2.9/tex/latex/mathdesign/mdici/mdici.sty
C:/Program Files (x86)/MiKTeX 2.9/tex/latex/mathdesign/mdpgd/mdpgd.sty
C:/Program Files (x86)/MiKTeX 2.9/tex/latex/mathdesign/mdpus/mdpus.sty
C:/Program Files (x86)/MiKTeX 2.9/tex/latex/mathdesign/mdput/mdput.sty
C:/Program Files (x86)/MiKTeX 2.9/tex/latex/mathdesign/mdugm/mdugm.sty
C:/Program Files (x86)/MiKTeX 2.9/tex/latex/mathtools/empheq.sty
C:/Program Files (x86)/MiKTeX 2.9/tex/latex/mathtools/mathtools.sty
C:/Program Files (x86)/MiKTeX 2.9/tex/latex/mathtools/mhsetup.sty
C:/Program Files (x86)/MiKTeX 2.9/tex/latex/mciteplus/mciteplus.sty
C:/Program Files (x86)/MiKTeX 2.9/tex/latex/memoir/memhfixc.sty
C:/Program Files (x86)/MiKTeX 2.9/tex/latex/memoir/mempatch.sty
C:/Program Files (x86)/MiKTeX 2.9/tex/latex/mflogo/mflogo.sty
C:/Program Files (x86)/MiKTeX 2.9/tex/latex/mhchem/hpstatement.sty
C:/Program Files (x86)/MiKTeX 2.9/tex/latex/mhchem/mhchem.sty
C:/Program Files (x86)/MiKTeX 2.9/tex/latex/mhchem/rsphrase.sty
C:/Program Files (x86)/MiKTeX 2.9/tex/latex/microtype/letterspace.sty
C:/Program Files (x86)/MiKTeX 2.9/tex/latex/microtype/microtype.sty
C:/Program Files (x86)/MiKTeX 2.9/tex/latex/misc/etex.sty
C:/Program Files (x86)/MiKTeX 2.9/tex/latex/moderncv/moderncvbodyi.sty
C:/Program Files (x86)/MiKTeX 2.9/tex/latex/moderncv/moderncvbodyii.sty
C:/Program Files (x86)/MiKTeX 2.9/tex/latex/moderncv/moderncvbodyiii.sty
C:/Program Files (x86)/MiKTeX 2.9/tex/latex/moderncv/moderncvbodyiv.sty
C:/Program Files (x86)/MiKTeX 2.9/tex/latex/moderncv/moderncvbodyv.sty
C:/Program Files (x86)/MiKTeX 2.9/tex/latex/moderncv/moderncvcollection.sty
C:/Program Files (x86)/MiKTeX 2.9/tex/latex/moderncv/moderncvcolorblack.sty
C:/Program Files (x86)/MiKTeX 2.9/tex/latex/moderncv/moderncvcolorblue.sty
C:/Program Files (x86)/MiKTeX 2.9/tex/latex/moderncv/moderncvcolorburgundy.sty
C:/Program Files (x86)/MiKTeX 2.9/tex/latex/moderncv/moderncvcolorgreen.sty
C:/Program Files (x86)/MiKTeX 2.9/tex/latex/moderncv/moderncvcolorgrey.sty
C:/Program Files (x86)/MiKTeX 2.9/tex/latex/moderncv/moderncvcolororange.sty
C:/Program Files (x86)/MiKTeX 2.9/tex/latex/moderncv/moderncvcolorpurple.sty
C:/Program Files (x86)/MiKTeX 2.9/tex/latex/moderncv/moderncvcolorred.sty
C:/Program Files (x86)/MiKTeX 2.9/tex/latex/moderncv/moderncvcompatibility.sty
C:/Program Files (x86)/MiKTeX 2.9/tex/latex/moderncv/moderncvdebugtools.sty
C:/Program Files (x86)/MiKTeX 2.9/tex/latex/moderncv/moderncvfooti.sty
C:/Program Files (x86)/MiKTeX 2.9/tex/latex/moderncv/moderncvheadi.sty
C:/Program Files (x86)/MiKTeX 2.9/tex/latex/moderncv/moderncvheadii.sty
C:/Program Files (x86)/MiKTeX 2.9/tex/latex/moderncv/moderncvheadiii.sty
C:/Program Files (x86)/MiKTeX 2.9/tex/latex/moderncv/moderncvheadiv.sty
C:/Program Files (x86)/MiKTeX 2.9/tex/latex/moderncv/moderncvheadv.sty
C:/Program Files (x86)/MiKTeX 2.9/tex/latex/moderncv/moderncvheadvi.sty
C:/Program Files (x86)/MiKTeX 2.9/tex/latex/moderncv/moderncviconsawesome.sty
C:/Program Files (x86)/MiKTeX 2.9/tex/latex/moderncv/moderncviconsletters.sty
C:/Program Files (x86)/MiKTeX 2.9/tex/latex/moderncv/moderncviconsmarvosym.sty
C:/Program Files (x86)/MiKTeX 2.9/tex/latex/moderncv/moderncvstylebanking.sty
C:/Program Files (x86)/MiKTeX 2.9/tex/latex/moderncv/moderncvstylecasual.sty
C:/Program Files (x86)/MiKTeX 2.9/tex/latex/moderncv/moderncvstyleclassic.sty
C:/Program Files (x86)/MiKTeX 2.9/tex/latex/moderncv/moderncvstyleempty.sty
C:/Program Files (x86)/MiKTeX 2.9/tex/latex/moderncv/moderncvstylefancy.sty
C:/Program Files (x86)/MiKTeX 2.9/tex/latex/moderncv/moderncvstyleoldstyle.sty
C:/Program Files (x86)/MiKTeX 2.9/tex/latex/moderncv/tweaklist.sty
C:/Program Files (x86)/MiKTeX 2.9/tex/latex/mongolian-babel/mongolian.sty
C:/Program Files (x86)/MiKTeX 2.9/tex/latex/ms/count1to.sty
C:/Program Files (x86)/MiKTeX 2.9/tex/latex/ms/everysel.sty
C:/Program Files (x86)/MiKTeX 2.9/tex/latex/ms/everyshi.sty
C:/Program Files (x86)/MiKTeX 2.9/tex/latex/ms/multitoc.sty
C:/Program Files (x86)/MiKTeX 2.9/tex/latex/ms/prelim2e.sty
C:/Program Files (x86)/MiKTeX 2.9/tex/latex/ms/ragged2e.sty
C:/Program Files (x86)/MiKTeX 2.9/tex/latex/mslapa/mslapa.sty
C:/Program Files (x86)/MiKTeX 2.9/tex/latex/multirow/bigdelim.sty
C:/Program Files (x86)/MiKTeX 2.9/tex/latex/multirow/bigstrut.sty
C:/Program Files (x86)/MiKTeX 2.9/tex/latex/multirow/multirow.sty
C:/Program Files (x86)/MiKTeX 2.9/tex/latex/natbib/bibentry.sty
C:/Program Files (x86)/MiKTeX 2.9/tex/latex/natbib/natbib.sty
C:/Program Files (x86)/MiKTeX 2.9/tex/latex/newtx/newtxmath.sty
C:/Program Files (x86)/MiKTeX 2.9/tex/latex/newtx/newtxtext.sty
C:/Program Files (x86)/MiKTeX 2.9/tex/latex/nomencl/nomencl.sty
C:/Program Files (x86)/MiKTeX 2.9/tex/latex/oberdiek/accsupp.sty
C:/Program Files (x86)/MiKTeX 2.9/tex/latex/oberdiek/aliascnt.sty
C:/Program Files (x86)/MiKTeX 2.9/tex/latex/oberdiek/askinclude.sty
C:/Program Files (x86)/MiKTeX 2.9/tex/latex/oberdiek/atenddvi.sty
C:/Program Files (x86)/MiKTeX 2.9/tex/latex/oberdiek/attachfile2.sty
C:/Program Files (x86)/MiKTeX 2.9/tex/latex/oberdiek/atveryend.sty
C:/Program Files (x86)/MiKTeX 2.9/tex/latex/oberdiek/auxhook.sty
C:/Program Files (x86)/MiKTeX 2.9/tex/latex/oberdiek/bmpsize-base.sty
C:/Program Files (x86)/MiKTeX 2.9/tex/latex/oberdiek/bmpsize.sty
C:/Program Files (x86)/MiKTeX 2.9/tex/latex/oberdiek/bookmark.sty
C:/Program Files (x86)/MiKTeX 2.9/tex/latex/oberdiek/centernot.sty
C:/Program Files (x86)/MiKTeX 2.9/tex/latex/oberdiek/chemarr.sty
C:/Program Files (x86)/MiKTeX 2.9/tex/latex/oberdiek/classlist.sty
C:/Program Files (x86)/MiKTeX 2.9/tex/latex/oberdiek/colonequals.sty
C:/Program Files (x86)/MiKTeX 2.9/tex/latex/oberdiek/dtx-attach.sty
C:/Program Files (x86)/MiKTeX 2.9/tex/latex/oberdiek/dvipscol.sty
C:/Program Files (x86)/MiKTeX 2.9/tex/latex/oberdiek/enparen.sty
C:/Program Files (x86)/MiKTeX 2.9/tex/latex/oberdiek/epstopdf-base.sty
C:/Program Files (x86)/MiKTeX 2.9/tex/latex/oberdiek/epstopdf.sty
C:/Program Files (x86)/MiKTeX 2.9/tex/latex/oberdiek/flags.sty
C:/Program Files (x86)/MiKTeX 2.9/tex/latex/oberdiek/grfext.sty
C:/Program Files (x86)/MiKTeX 2.9/tex/latex/oberdiek/grffile.sty
C:/Program Files (x86)/MiKTeX 2.9/tex/latex/oberdiek/holtxdoc.sty
C:/Program Files (x86)/MiKTeX 2.9/tex/latex/oberdiek/hopatch.sty
C:/Program Files (x86)/MiKTeX 2.9/tex/latex/oberdiek/hycolor.sty
C:/Program Files (x86)/MiKTeX 2.9/tex/latex/oberdiek/hypbmsec.sty
C:/Program Files (x86)/MiKTeX 2.9/tex/latex/oberdiek/hypcap.sty
C:/Program Files (x86)/MiKTeX 2.9/tex/latex/oberdiek/hypdestopt.sty
C:/Program Files (x86)/MiKTeX 2.9/tex/latex/oberdiek/hypdoc.sty
C:/Program Files (x86)/MiKTeX 2.9/tex/latex/oberdiek/hypgotoe.sty
C:/Program Files (x86)/MiKTeX 2.9/tex/latex/oberdiek/ifdraft.sty
C:/Program Files (x86)/MiKTeX 2.9/tex/latex/oberdiek/inputenx.sty
C:/Program Files (x86)/MiKTeX 2.9/tex/latex/oberdiek/kvoptions-patch.sty
C:/Program Files (x86)/MiKTeX 2.9/tex/latex/oberdiek/kvoptions.sty
C:/Program Files (x86)/MiKTeX 2.9/tex/latex/oberdiek/letltxmacro.sty
C:/Program Files (x86)/MiKTeX 2.9/tex/latex/oberdiek/listingsutf8.sty
C:/Program Files (x86)/MiKTeX 2.9/tex/latex/oberdiek/luacolor.sty
C:/Program Files (x86)/MiKTeX 2.9/tex/latex/oberdiek/makerobust.sty
C:/Program Files (x86)/MiKTeX 2.9/tex/latex/oberdiek/pagegrid.sty
C:/Program Files (x86)/MiKTeX 2.9/tex/latex/oberdiek/pagesel.sty
C:/Program Files (x86)/MiKTeX 2.9/tex/latex/oberdiek/pdfcolfoot.sty
C:/Program Files (x86)/MiKTeX 2.9/tex/latex/oberdiek/pdfcolmk.sty
C:/Program Files (x86)/MiKTeX 2.9/tex/latex/oberdiek/pdfcolparallel.sty
C:/Program Files (x86)/MiKTeX 2.9/tex/latex/oberdiek/pdfcolparcolumns.sty
C:/Program Files (x86)/MiKTeX 2.9/tex/latex/oberdiek/pdflscape.sty
C:/Program Files (x86)/MiKTeX 2.9/tex/latex/oberdiek/picture.sty
C:/Program Files (x86)/MiKTeX 2.9/tex/latex/oberdiek/pmboxdraw.sty
C:/Program Files (x86)/MiKTeX 2.9/tex/latex/oberdiek/refcount.sty
C:/Program Files (x86)/MiKTeX 2.9/tex/latex/oberdiek/rerunfilecheck.sty
C:/Program Files (x86)/MiKTeX 2.9/tex/latex/oberdiek/resizegather.sty
C:/Program Files (x86)/MiKTeX 2.9/tex/latex/oberdiek/scrindex.sty
C:/Program Files (x86)/MiKTeX 2.9/tex/latex/oberdiek/selinput.sty
C:/Program Files (x86)/MiKTeX 2.9/tex/latex/oberdiek/settobox.sty
C:/Program Files (x86)/MiKTeX 2.9/tex/latex/oberdiek/stackrel.sty
C:/Program Files (x86)/MiKTeX 2.9/tex/latex/oberdiek/stampinclude.sty
C:/Program Files (x86)/MiKTeX 2.9/tex/latex/oberdiek/tabularht.sty
C:/Program Files (x86)/MiKTeX 2.9/tex/latex/oberdiek/tabularkv.sty
C:/Program Files (x86)/MiKTeX 2.9/tex/latex/oberdiek/transparent.sty
C:/Program Files (x86)/MiKTeX 2.9/tex/latex/oberdiek/twoopt.sty
C:/Program Files (x86)/MiKTeX 2.9/tex/latex/oberdiek/xcolor-patch.sty
C:/Program Files (x86)/MiKTeX 2.9/tex/latex/oberdiek/zref-abspage.sty
C:/Program Files (x86)/MiKTeX 2.9/tex/latex/oberdiek/zref-abspos.sty
C:/Program Files (x86)/MiKTeX 2.9/tex/latex/oberdiek/zref-base.sty
C:/Program Files (x86)/MiKTeX 2.9/tex/latex/oberdiek/zref-counter.sty
C:/Program Files (x86)/MiKTeX 2.9/tex/latex/oberdiek/zref-dotfill.sty
C:/Program Files (x86)/MiKTeX 2.9/tex/latex/oberdiek/zref-env.sty
C:/Program Files (x86)/MiKTeX 2.9/tex/latex/oberdiek/zref-hyperref.sty
C:/Program Files (x86)/MiKTeX 2.9/tex/latex/oberdiek/zref-lastpage.sty
C:/Program Files (x86)/MiKTeX 2.9/tex/latex/oberdiek/zref-marks.sty
C:/Program Files (x86)/MiKTeX 2.9/tex/latex/oberdiek/zref-nextpage.sty
C:/Program Files (x86)/MiKTeX 2.9/tex/latex/oberdiek/zref-pageattr.sty
C:/Program Files (x86)/MiKTeX 2.9/tex/latex/oberdiek/zref-pagelayout.sty
C:/Program Files (x86)/MiKTeX 2.9/tex/latex/oberdiek/zref-perpage.sty
C:/Program Files (x86)/MiKTeX 2.9/tex/latex/oberdiek/zref-runs.sty
C:/Program Files (x86)/MiKTeX 2.9/tex/latex/oberdiek/zref-savepos.sty
C:/Program Files (x86)/MiKTeX 2.9/tex/latex/oberdiek/zref-thepage.sty
C:/Program Files (x86)/MiKTeX 2.9/tex/latex/oberdiek/zref-titleref.sty
C:/Program Files (x86)/MiKTeX 2.9/tex/latex/oberdiek/zref-totpages.sty
C:/Program Files (x86)/MiKTeX 2.9/tex/latex/oberdiek/zref-user.sty
C:/Program Files (x86)/MiKTeX 2.9/tex/latex/oberdiek/zref-xr.sty
C:/Program Files (x86)/MiKTeX 2.9/tex/latex/oberdiek/zref.sty
C:/Program Files (x86)/MiKTeX 2.9/tex/latex/paper/journal.sty
C:/Program Files (x86)/MiKTeX 2.9/tex/latex/paper/paper.sty
C:/Program Files (x86)/MiKTeX 2.9/tex/latex/paralist/paralist.sty
C:/Program Files (x86)/MiKTeX 2.9/tex/latex/pdfcomment/pdfcomment.sty
C:/Program Files (x86)/MiKTeX 2.9/tex/latex/pdfpages/pdfpages.sty
C:/Program Files (x86)/MiKTeX 2.9/tex/latex/pgf/basiclayer/pgf.sty
C:/Program Files (x86)/MiKTeX 2.9/tex/latex/pgf/basiclayer/pgfbaseimage.sty
C:/Program Files (x86)/MiKTeX 2.9/tex/latex/pgf/basiclayer/pgfbaselayers.sty
C:/Program Files (x86)/MiKTeX 2.9/tex/latex/pgf/basiclayer/pgfbasematrix.sty
C:/Program Files (x86)/MiKTeX 2.9/tex/latex/pgf/basiclayer/pgfbasepatterns.sty
C:/Program Files (x86)/MiKTeX 2.9/tex/latex/pgf/basiclayer/pgfbaseplot.sty
C:/Program Files (x86)/MiKTeX 2.9/tex/latex/pgf/basiclayer/pgfbaseshapes.sty
C:/Program Files (x86)/MiKTeX 2.9/tex/latex/pgf/basiclayer/pgfbasesnakes.sty
C:/Program Files (x86)/MiKTeX 2.9/tex/latex/pgf/basiclayer/pgfcore.sty
C:/Program Files (x86)/MiKTeX 2.9/tex/latex/pgf/compatibility/pgfarrows.sty
C:/Program Files (x86)/MiKTeX 2.9/tex/latex/pgf/compatibility/pgfautomata.sty
C:/Program Files (x86)/MiKTeX 2.9/tex/latex/pgf/compatibility/pgfcomp-version-0-65.sty
C:/Program Files (x86)/MiKTeX 2.9/tex/latex/pgf/compatibility/pgfcomp-version-1-18.sty
C:/Program Files (x86)/MiKTeX 2.9/tex/latex/pgf/compatibility/pgfheaps.sty
C:/Program Files (x86)/MiKTeX 2.9/tex/latex/pgf/compatibility/pgflibraryarrows.sty
C:/Program Files (x86)/MiKTeX 2.9/tex/latex/pgf/compatibility/pgflibraryautomata.sty
C:/Program Files (x86)/MiKTeX 2.9/tex/latex/pgf/compatibility/pgflibraryplothandlers.sty
C:/Program Files (x86)/MiKTeX 2.9/tex/latex/pgf/compatibility/pgflibraryplotmarks.sty
C:/Program Files (x86)/MiKTeX 2.9/tex/latex/pgf/compatibility/pgflibraryshapes.sty
C:/Program Files (x86)/MiKTeX 2.9/tex/latex/pgf/compatibility/pgflibrarysnakes.sty
C:/Program Files (x86)/MiKTeX 2.9/tex/latex/pgf/compatibility/pgflibrarytikzbackgrounds.sty
C:/Program Files (x86)/MiKTeX 2.9/tex/latex/pgf/compatibility/pgflibrarytikztrees.sty
C:/Program Files (x86)/MiKTeX 2.9/tex/latex/pgf/compatibility/pgfnodes.sty
C:/Program Files (x86)/MiKTeX 2.9/tex/latex/pgf/compatibility/pgfshade.sty
C:/Program Files (x86)/MiKTeX 2.9/tex/latex/pgf/doc/pgfmanual.sty
C:/Program Files (x86)/MiKTeX 2.9/tex/latex/pgf/frontendlayer/pgfpict2e.sty
C:/Program Files (x86)/MiKTeX 2.9/tex/latex/pgf/frontendlayer/tikz.sty
C:/Program Files (x86)/MiKTeX 2.9/tex/latex/pgf/math/pgfmath.sty
C:/Program Files (x86)/MiKTeX 2.9/tex/latex/pgf/systemlayer/pgfsys.sty
C:/Program Files (x86)/MiKTeX 2.9/tex/latex/pgf/utilities/pgfcalendar.sty
C:/Program Files (x86)/MiKTeX 2.9/tex/latex/pgf/utilities/pgffor.sty
C:/Program Files (x86)/MiKTeX 2.9/tex/latex/pgf/utilities/pgfkeys.sty
C:/Program Files (x86)/MiKTeX 2.9/tex/latex/pgf/utilities/pgfpages.sty
C:/Program Files (x86)/MiKTeX 2.9/tex/latex/pgf/utilities/pgfrcs.sty
C:/Program Files (x86)/MiKTeX 2.9/tex/latex/pgf/utilities/tikzexternal.sty
C:/Program Files (x86)/MiKTeX 2.9/tex/latex/pgf/utilities/xxcolor.sty
C:/Program Files (x86)/MiKTeX 2.9/tex/latex/picinpar/picinpar.sty
C:/Program Files (x86)/MiKTeX 2.9/tex/latex/pict2e/pict2e.sty
C:/Program Files (x86)/MiKTeX 2.9/tex/latex/placeins/placeins.sty
C:/Program Files (x86)/MiKTeX 2.9/tex/latex/polyglossia/arabicnumbers.sty
C:/Program Files (x86)/MiKTeX 2.9/tex/latex/polyglossia/bengalidigits.sty
C:/Program Files (x86)/MiKTeX 2.9/tex/latex/polyglossia/devanagaridigits.sty
C:/Program Files (x86)/MiKTeX 2.9/tex/latex/polyglossia/farsical.sty
C:/Program Files (x86)/MiKTeX 2.9/tex/latex/polyglossia/hebrewcal.sty
C:/Program Files (x86)/MiKTeX 2.9/tex/latex/polyglossia/hijrical.sty
C:/Program Files (x86)/MiKTeX 2.9/tex/latex/polyglossia/nkonumbers.sty
C:/Program Files (x86)/MiKTeX 2.9/tex/latex/polyglossia/polyglossia.sty
C:/Program Files (x86)/MiKTeX 2.9/tex/latex/powerdot/powerdot-aggie.sty
C:/Program Files (x86)/MiKTeX 2.9/tex/latex/powerdot/powerdot-bframe.sty
C:/Program Files (x86)/MiKTeX 2.9/tex/latex/powerdot/powerdot-ciment.sty
C:/Program Files (x86)/MiKTeX 2.9/tex/latex/powerdot/powerdot-default.sty
C:/Program Files (x86)/MiKTeX 2.9/tex/latex/powerdot/powerdot-elcolors.sty
C:/Program Files (x86)/MiKTeX 2.9/tex/latex/powerdot/powerdot-fyma.sty
C:/Program Files (x86)/MiKTeX 2.9/tex/latex/powerdot/powerdot-horatio.sty
C:/Program Files (x86)/MiKTeX 2.9/tex/latex/powerdot/powerdot-husky.sty
C:/Program Files (x86)/MiKTeX 2.9/tex/latex/powerdot/powerdot-ikeda.sty
C:/Program Files (x86)/MiKTeX 2.9/tex/latex/powerdot/powerdot-jefka.sty
C:/Program Files (x86)/MiKTeX 2.9/tex/latex/powerdot/powerdot-klope.sty
C:/Program Files (x86)/MiKTeX 2.9/tex/latex/powerdot/powerdot-paintings.sty
C:/Program Files (x86)/MiKTeX 2.9/tex/latex/powerdot/powerdot-pazik.sty
C:/Program Files (x86)/MiKTeX 2.9/tex/latex/powerdot/powerdot-sailor.sty
C:/Program Files (x86)/MiKTeX 2.9/tex/latex/powerdot/powerdot-simple.sty
C:/Program Files (x86)/MiKTeX 2.9/tex/latex/powerdot/powerdot-tycja.sty
C:/Program Files (x86)/MiKTeX 2.9/tex/latex/powerdot/powerdot-upen.sty
C:/Program Files (x86)/MiKTeX 2.9/tex/latex/prettyref/prettyref.sty
C:/Program Files (x86)/MiKTeX 2.9/tex/latex/preview/preview.sty
C:/Program Files (x86)/MiKTeX 2.9/tex/latex/pslatex/pslatex.sty
C:/Program Files (x86)/MiKTeX 2.9/tex/latex/psnfss/avant.sty
C:/Program Files (x86)/MiKTeX 2.9/tex/latex/psnfss/bookman.sty
C:/Program Files (x86)/MiKTeX 2.9/tex/latex/psnfss/chancery.sty
C:/Program Files (x86)/MiKTeX 2.9/tex/latex/psnfss/charter.sty
C:/Program Files (x86)/MiKTeX 2.9/tex/latex/psnfss/courier.sty
C:/Program Files (x86)/MiKTeX 2.9/tex/latex/psnfss/helvet.sty
C:/Program Files (x86)/MiKTeX 2.9/tex/latex/psnfss/mathpazo.sty
C:/Program Files (x86)/MiKTeX 2.9/tex/latex/psnfss/mathpple.sty
C:/Program Files (x86)/MiKTeX 2.9/tex/latex/psnfss/mathptm.sty
C:/Program Files (x86)/MiKTeX 2.9/tex/latex/psnfss/mathptmx.sty
C:/Program Files (x86)/MiKTeX 2.9/tex/latex/psnfss/newcent.sty
C:/Program Files (x86)/MiKTeX 2.9/tex/latex/psnfss/palatino.sty
C:/Program Files (x86)/MiKTeX 2.9/tex/latex/psnfss/pifont.sty
C:/Program Files (x86)/MiKTeX 2.9/tex/latex/psnfss/times.sty
C:/Program Files (x86)/MiKTeX 2.9/tex/latex/psnfss/utopia.sty
C:/Program Files (x86)/MiKTeX 2.9/tex/latex/pst-grad/pst-grad.sty
C:/Program Files (x86)/MiKTeX 2.9/tex/latex/pst-node/pst-node.sty
C:/Program Files (x86)/MiKTeX 2.9/tex/latex/pstricks/pst-all.sty
C:/Program Files (x86)/MiKTeX 2.9/tex/latex/pstricks/pst-key.sty
C:/Program Files (x86)/MiKTeX 2.9/tex/latex/pstricks/pstcol.sty
C:/Program Files (x86)/MiKTeX 2.9/tex/latex/pstricks/pstricks.sty
C:/Program Files (x86)/MiKTeX 2.9/tex/latex/refstyle/refstyle.sty
C:/Program Files (x86)/MiKTeX 2.9/tex/latex/revtex/ltxdocext.sty
C:/Program Files (x86)/MiKTeX 2.9/tex/latex/revtex/ltxfront.sty
C:/Program Files (x86)/MiKTeX 2.9/tex/latex/revtex/ltxgrid.sty
C:/Program Files (x86)/MiKTeX 2.9/tex/latex/revtex/ltxutil.sty
C:/Program Files (x86)/MiKTeX 2.9/tex/latex/revtex/revsymb4-1.sty
C:/Program Files (x86)/MiKTeX 2.9/tex/latex/revtex4/revsymb.sty
C:/Program Files (x86)/MiKTeX 2.9/tex/latex/rotating/rotating.sty
C:/Program Files (x86)/MiKTeX 2.9/tex/latex/rotfloat/rotfloat.sty
C:/Program Files (x86)/MiKTeX 2.9/tex/latex/sauerj/collect.sty
C:/Program Files (x86)/MiKTeX 2.9/tex/latex/sauerj/metainfo.sty
C:/Program Files (x86)/MiKTeX 2.9/tex/latex/sauerj/optparams.sty
C:/Program Files (x86)/MiKTeX 2.9/tex/latex/sauerj/parcolumns.sty
C:/Program Files (x86)/MiKTeX 2.9/tex/latex/sauerj/processkv.sty
C:/Program Files (x86)/MiKTeX 2.9/tex/latex/sauerj/zahl2string.sty
C:/Program Files (x86)/MiKTeX 2.9/tex/latex/savesym/savesym.sty
C:/Program Files (x86)/MiKTeX 2.9/tex/latex/sectionbox/sectionbox.sty
C:/Program Files (x86)/MiKTeX 2.9/tex/latex/seminar/npsfont.sty
C:/Program Files (x86)/MiKTeX 2.9/tex/latex/seminar/sem-a4.sty
C:/Program Files (x86)/MiKTeX 2.9/tex/latex/seminar/sem-dem.sty
C:/Program Files (x86)/MiKTeX 2.9/tex/latex/seminar/sem-page.sty
C:/Program Files (x86)/MiKTeX 2.9/tex/latex/seminar/semcolor.sty
C:/Program Files (x86)/MiKTeX 2.9/tex/latex/seminar/semhelv.sty
C:/Program Files (x86)/MiKTeX 2.9/tex/latex/seminar/seminar.sty
C:/Program Files (x86)/MiKTeX 2.9/tex/latex/seminar/semlayer.sty
C:/Program Files (x86)/MiKTeX 2.9/tex/latex/seminar/semlcmss.sty
C:/Program Files (x86)/MiKTeX 2.9/tex/latex/seminar/semrot.sty
C:/Program Files (x86)/MiKTeX 2.9/tex/latex/seminar/slidesec.sty
C:/Program Files (x86)/MiKTeX 2.9/tex/latex/setspace/setspace.sty
C:/Program Files (x86)/MiKTeX 2.9/tex/latex/shapepar/shapepar.sty
C:/Program Files (x86)/MiKTeX 2.9/tex/latex/sidecap/sidecap.sty
C:/Program Files (x86)/MiKTeX 2.9/tex/latex/soul/soul.sty
C:/Program Files (x86)/MiKTeX 2.9/tex/latex/splitindex/splitidx.sty
C:/Program Files (x86)/MiKTeX 2.9/tex/latex/stmaryrd/stmaryrd.sty
C:/Program Files (x86)/MiKTeX 2.9/tex/latex/sttools/cuted.sty
C:/Program Files (x86)/MiKTeX 2.9/tex/latex/sttools/floatpag.sty
C:/Program Files (x86)/MiKTeX 2.9/tex/latex/sttools/flushend.sty
C:/Program Files (x86)/MiKTeX 2.9/tex/latex/sttools/marginal.sty
C:/Program Files (x86)/MiKTeX 2.9/tex/latex/sttools/midfloat.sty
C:/Program Files (x86)/MiKTeX 2.9/tex/latex/sttools/stabular.sty
C:/Program Files (x86)/MiKTeX 2.9/tex/latex/sttools/stfloats.sty
C:/Program Files (x86)/MiKTeX 2.9/tex/latex/sttools/texsort.sty
C:/Program Files (x86)/MiKTeX 2.9/tex/latex/subfig/subfig.sty
C:/Program Files (x86)/MiKTeX 2.9/tex/latex/tcolorbox/tcolorbox.sty
C:/Program Files (x86)/MiKTeX 2.9/tex/latex/tex-gyre/qbookman.sty
C:/Program Files (x86)/MiKTeX 2.9/tex/latex/tex-gyre/qcourier.sty
C:/Program Files (x86)/MiKTeX 2.9/tex/latex/tex-gyre/qpalatin.sty
C:/Program Files (x86)/MiKTeX 2.9/tex/latex/tex-gyre/qswiss.sty
C:/Program Files (x86)/MiKTeX 2.9/tex/latex/tex-gyre/qtimes.sty
C:/Program Files (x86)/MiKTeX 2.9/tex/latex/tex-gyre/qzapfcha.sty
C:/Program Files (x86)/MiKTeX 2.9/tex/latex/tex-gyre/tgadventor.sty
C:/Program Files (x86)/MiKTeX 2.9/tex/latex/tex-gyre/tgbonum.sty
C:/Program Files (x86)/MiKTeX 2.9/tex/latex/tex-gyre/tgchorus.sty
C:/Program Files (x86)/MiKTeX 2.9/tex/latex/tex-gyre/tgcursor.sty
C:/Program Files (x86)/MiKTeX 2.9/tex/latex/tex-gyre/tgheros.sty
C:/Program Files (x86)/MiKTeX 2.9/tex/latex/tex-gyre/tgpagella.sty
C:/Program Files (x86)/MiKTeX 2.9/tex/latex/tex-gyre/tgschola.sty
C:/Program Files (x86)/MiKTeX 2.9/tex/latex/tex-gyre/tgtermes.sty
C:/Program Files (x86)/MiKTeX 2.9/tex/latex/textcase/textcase.sty
C:/Program Files (x86)/MiKTeX 2.9/tex/latex/textgreek/textgreek.sty
C:/Program Files (x86)/MiKTeX 2.9/tex/latex/tfrupee/tfrupee.sty
C:/Program Files (x86)/MiKTeX 2.9/tex/latex/tipa/exaccent.sty
C:/Program Files (x86)/MiKTeX 2.9/tex/latex/tipa/extraipa.sty
C:/Program Files (x86)/MiKTeX 2.9/tex/latex/tipa/tipa.sty
C:/Program Files (x86)/MiKTeX 2.9/tex/latex/tipa/tipx.sty
C:/Program Files (x86)/MiKTeX 2.9/tex/latex/tipa/tone.sty
C:/Program Files (x86)/MiKTeX 2.9/tex/latex/tipa/vowel.sty
C:/Program Files (x86)/MiKTeX 2.9/tex/latex/titlesec/titleps.sty
C:/Program Files (x86)/MiKTeX 2.9/tex/latex/titlesec/titlesec.sty
C:/Program Files (x86)/MiKTeX 2.9/tex/latex/titlesec/titletoc.sty
C:/Program Files (x86)/MiKTeX 2.9/tex/latex/tools/afterpage.sty
C:/Program Files (x86)/MiKTeX 2.9/tex/latex/tools/array.sty
C:/Program Files (x86)/MiKTeX 2.9/tex/latex/tools/bm.sty
C:/Program Files (x86)/MiKTeX 2.9/tex/latex/tools/calc.sty
C:/Program Files (x86)/MiKTeX 2.9/tex/latex/tools/dcolumn.sty
C:/Program Files (x86)/MiKTeX 2.9/tex/latex/tools/delarray.sty
C:/Program Files (x86)/MiKTeX 2.9/tex/latex/tools/enumerate.sty
C:/Program Files (x86)/MiKTeX 2.9/tex/latex/tools/fontsmpl.sty
C:/Program Files (x86)/MiKTeX 2.9/tex/latex/tools/ftnright.sty
C:/Program Files (x86)/MiKTeX 2.9/tex/latex/tools/hhline.sty
C:/Program Files (x86)/MiKTeX 2.9/tex/latex/tools/indentfirst.sty
C:/Program Files (x86)/MiKTeX 2.9/tex/latex/tools/layout.sty
C:/Program Files (x86)/MiKTeX 2.9/tex/latex/tools/longtable.sty
C:/Program Files (x86)/MiKTeX 2.9/tex/latex/tools/multicol.sty
C:/Program Files (x86)/MiKTeX 2.9/tex/latex/tools/rawfonts.sty
C:/Program Files (x86)/MiKTeX 2.9/tex/latex/tools/showkeys.sty
C:/Program Files (x86)/MiKTeX 2.9/tex/latex/tools/somedefs.sty
C:/Program Files (x86)/MiKTeX 2.9/tex/latex/tools/tabularx.sty
C:/Program Files (x86)/MiKTeX 2.9/tex/latex/tools/thb.sty
C:/Program Files (x86)/MiKTeX 2.9/tex/latex/tools/thc.sty
C:/Program Files (x86)/MiKTeX 2.9/tex/latex/tools/thcb.sty
C:/Program Files (x86)/MiKTeX 2.9/tex/latex/tools/theorem.sty
C:/Program Files (x86)/MiKTeX 2.9/tex/latex/tools/thm.sty
C:/Program Files (x86)/MiKTeX 2.9/tex/latex/tools/thmb.sty
C:/Program Files (x86)/MiKTeX 2.9/tex/latex/tools/thp.sty
C:/Program Files (x86)/MiKTeX 2.9/tex/latex/tools/trace.sty
C:/Program Files (x86)/MiKTeX 2.9/tex/latex/tools/varioref.sty
C:/Program Files (x86)/MiKTeX 2.9/tex/latex/tools/verbatim.sty
C:/Program Files (x86)/MiKTeX 2.9/tex/latex/tools/xr.sty
C:/Program Files (x86)/MiKTeX 2.9/tex/latex/tools/xspace.sty
C:/Program Files (x86)/MiKTeX 2.9/tex/latex/tugboat/ltugboat.sty
C:/Program Files (x86)/MiKTeX 2.9/tex/latex/tugboat/ltugcomn.sty
C:/Program Files (x86)/MiKTeX 2.9/tex/latex/tugboat/ltugproc.sty
C:/Program Files (x86)/MiKTeX 2.9/tex/latex/txfonts/txfonts.sty
C:/Program Files (x86)/MiKTeX 2.9/tex/latex/type1cm/type1cm.sty
C:/Program Files (x86)/MiKTeX 2.9/tex/latex/ucs/autofe.sty
C:/Program Files (x86)/MiKTeX 2.9/tex/latex/ucs/ucs.sty
C:/Program Files (x86)/MiKTeX 2.9/tex/latex/ucs/ucshyper.sty
C:/Program Files (x86)/MiKTeX 2.9/tex/latex/ucs/ucsutils.sty
C:/Program Files (x86)/MiKTeX 2.9/tex/latex/ulem/ulem.sty
C:/Program Files (x86)/MiKTeX 2.9/tex/latex/undertilde/undertilde.sty
C:/Program Files (x86)/MiKTeX 2.9/tex/latex/unicode-math/unicode-math-luatex.sty
C:/Program Files (x86)/MiKTeX 2.9/tex/latex/unicode-math/unicode-math-xetex.sty
C:/Program Files (x86)/MiKTeX 2.9/tex/latex/unicode-math/unicode-math.sty
C:/Program Files (x86)/MiKTeX 2.9/tex/latex/units/nicefrac.sty
C:/Program Files (x86)/MiKTeX 2.9/tex/latex/units/units.sty
C:/Program Files (x86)/MiKTeX 2.9/tex/latex/upquote/upquote.sty
C:/Program Files (x86)/MiKTeX 2.9/tex/latex/url/miscdoc.sty
C:/Program Files (x86)/MiKTeX 2.9/tex/latex/url/url.sty
C:/Program Files (x86)/MiKTeX 2.9/tex/latex/wallpaper/wallpaper.sty
C:/Program Files (x86)/MiKTeX 2.9/tex/latex/was/fixmath.sty
C:/Program Files (x86)/MiKTeX 2.9/tex/latex/was/gensymb.sty
C:/Program Files (x86)/MiKTeX 2.9/tex/latex/was/icomma.sty
C:/Program Files (x86)/MiKTeX 2.9/tex/latex/was/upgreek.sty
C:/Program Files (x86)/MiKTeX 2.9/tex/latex/wasysym/wasysym.sty
C:/Program Files (x86)/MiKTeX 2.9/tex/latex/wrapfig/wrapfig.sty
C:/Program Files (x86)/MiKTeX 2.9/tex/latex/xargs/xargs.sty
C:/Program Files (x86)/MiKTeX 2.9/tex/latex/xcolor/xcolor.sty
C:/Program Files (x86)/MiKTeX 2.9/tex/latex/xifthen/xifthen.sty
C:/Program Files (x86)/MiKTeX 2.9/tex/latex/xkeyval/pst-xkey.sty
C:/Program Files (x86)/MiKTeX 2.9/tex/latex/xkeyval/xkeyval.sty
C:/Program Files (x86)/MiKTeX 2.9/tex/latex/xkeyval/xkvesa.sty
C:/Program Files (x86)/MiKTeX 2.9/tex/latex/xkeyval/xkvesb.sty
C:/Program Files (x86)/MiKTeX 2.9/tex/latex/xkeyval/xkvesc.sty
C:/Program Files (x86)/MiKTeX 2.9/tex/latex/xkeyval/xkvltxp.sty
C:/Program Files (x86)/MiKTeX 2.9/tex/latex/xkeyval/xkvview.sty
C:/Program Files (x86)/MiKTeX 2.9/tex/latex/xltxtra/xltxtra.sty
C:/Program Files (x86)/MiKTeX 2.9/tex/lualatex/luainputenc/luainputenc.sty
C:/Program Files (x86)/MiKTeX 2.9/tex/lualatex/luatextra/luatextra.sty
C:/Program Files (x86)/MiKTeX 2.9/tex/luatex/luamplib/luamplib.sty
C:/Program Files (x86)/MiKTeX 2.9/tex/luatex/luaotfload/luaotfload.sty
C:/Program Files (x86)/MiKTeX 2.9/tex/luatex/luatexbase/luatexbase-attr.sty
C:/Program Files (x86)/MiKTeX 2.9/tex/luatex/luatexbase/luatexbase-cctb.sty
C:/Program Files (x86)/MiKTeX 2.9/tex/luatex/luatexbase/luatexbase-compat.sty
C:/Program Files (x86)/MiKTeX 2.9/tex/luatex/luatexbase/luatexbase-loader.sty
C:/Program Files (x86)/MiKTeX 2.9/tex/luatex/luatexbase/luatexbase-mcb.sty
C:/Program Files (x86)/MiKTeX 2.9/tex/luatex/luatexbase/luatexbase-modutils.sty
C:/Program Files (x86)/MiKTeX 2.9/tex/luatex/luatexbase/luatexbase-regs.sty
C:/Program Files (x86)/MiKTeX 2.9/tex/luatex/luatexbase/luatexbase.sty
C:/Program Files (x86)/MiKTeX 2.9/tex/xelatex/bidi/bidi-longtable.sty
C:/Program Files (x86)/MiKTeX 2.9/tex/xelatex/bidi/bidi.sty
C:/Program Files (x86)/MiKTeX 2.9/tex/xelatex/bidi/bidi2in1.sty
C:/Program Files (x86)/MiKTeX 2.9/tex/xelatex/bidi/bidicode.sty
C:/Program Files (x86)/MiKTeX 2.9/tex/xelatex/bidi/bidiftnxtra.sty
C:/Program Files (x86)/MiKTeX 2.9/tex/xelatex/bidi/bidipoem.sty
C:/Program Files (x86)/MiKTeX 2.9/tex/xelatex/bidi/biditools.sty
C:/Program Files (x86)/MiKTeX 2.9/tex/xelatex/bidi/bidituftefloat.sty
C:/Program Files (x86)/MiKTeX 2.9/tex/xelatex/bidi/bidituftegeneralstructure.sty
C:/Program Files (x86)/MiKTeX 2.9/tex/xelatex/bidi/bidituftehyperref.sty
C:/Program Files (x86)/MiKTeX 2.9/tex/xelatex/bidi/bidituftesidenote.sty
C:/Program Files (x86)/MiKTeX 2.9/tex/xelatex/bidi/bidituftetitle.sty
C:/Program Files (x86)/MiKTeX 2.9/tex/xelatex/bidi/bidituftetoc.sty
C:/Program Files (x86)/MiKTeX 2.9/tex/xelatex/bidi/cvthemebidicasual.sty
C:/Program Files (x86)/MiKTeX 2.9/tex/xelatex/bidi/cvthemebidiclassic.sty
C:/Program Files (x86)/MiKTeX 2.9/tex/xelatex/xecjk/xeCJK-listings.sty
C:/Program Files (x86)/MiKTeX 2.9/tex/xelatex/xecjk/xeCJK.sty
C:/Program Files (x86)/MiKTeX 2.9/tex/xelatex/xecjk/xeCJKfntef.sty
C:/Program Files (x86)/MiKTeX 2.9/tex/xelatex/xecjk/xunicode-addon.sty
C:/Program Files (x86)/MiKTeX 2.9/tex/xelatex/xgreek/xgreek.sty
C:/Program Files (x86)/MiKTeX 2.9/tex/xelatex/xunicode/xunicode.sty
